Глава 5.
[311u13@311U13 ~]$ which ls
alias ls='ls --color=auto'
	/usr/bin/ls
which ищет только исполняемые программы

[311u13@311U13 ~]$ which cd
/usr/bin/cd
Это своеобразное сообщение «command not found» (команда не найдена).

[311u13@311U13 ~]$ help cd
cd: cd [-L|[-P [-e]] [-@]] [каталог]
    Change the shell working directory.
    
    Change the current directory to DIR.  The default DIR is the value of the
    HOME shell variable. If DIR is "-", it is converted to $OLDPWD.
    
    The variable CDPATH defines the search path for the directory containing
    DIR.  Alternative directory names in CDPATH are separated by a colon (:).
    A null directory name is the same as the current directory.  If DIR begins
    with a slash (/), then CDPATH is not used.
    
    If the directory is not found, and the shell option `cdable_vars' is set,
    the word is assumed to be  a variable name.  If that variable has a value,
    its value is used for DIR.
    
    Options:
      -L	force symbolic links to be followed: resolve symbolic
    		links in DIR after processing instances of `..'
      -P	use the physical directory structure without following
    		symbolic links: resolve symbolic links in DIR before
    		processing instances of `..'
      -e	if the -P option is supplied, and the current working
    		directory cannot be determined successfully, exit with
    		a non-zero status
      -@	on systems that support it, present a file with extended
    		attributes as a directory containing the file attributes
    
    The default is to follow symbolic links, as if `-L' were specified.
    `..' is processed by removing the immediately previous pathname component
    back to a slash or the beginning of DIR.
    
    Exit Status:
    Returns 0 if the directory is changed, and if $PWD is set successfully when
    -P is used; non-zero otherwise.
Имеет встроенную справку для каждой встроенной команды. 

[311u13@311U13 ~]$ mkdir --help
Использование: mkdir [ПАРАМЕТР]… КАТАЛОГ…
Создаёт КАТАЛОГ(и), если он ещё не существует.

Аргументы, обязательные для длинных параметров, обязательны и для коротких.
  -m, --mode=РЕЖИМ   установить права доступа к файлу (как в chmod),
                     а не a=rwx - umask
  -p, --parents      не выдавать ошибку, если существует; создавать
                     родительские каталоги при необходимости
  -v, --verbose      печатать сообщение о каждом созданном каталоге
  -Z                 установить контекст безопасности SELinux
                     каждого создаваемого каталога равным типу по умолчанию
      --context[=CTX]  подобно -Z, или если указан CTX, то установить
                     контекст безопасности SELinux
                     или SMACK равным CTX
      --help     показать эту справку и выйти
      --version  показать информацию о версии и выйти


Страница справки по GNU coreutils: <https://www.gnu.org/software/coreutils/>
Об ошибках в переводе сообщений сообщайте по адресу <https://translationproject.org/team/ru.html>
Полная документация: <https://www.gnu.org/software/coreutils/mkdir>
или доступная локально: info '(coreutils) mkdir invocation'
Описания синтаксиса и параметров, поддерживаемых командой

[311u13@311U13 ~]$ man ls
«Руководство», которое отображает man, разбито на разделы и охватывает не только пользовательские команды, но и команды системного администрирования,
программные интерфейсы, форматы файлов.

[311u13@311U13 ~]$ apropos partition
partition: ничего подходящего не найдено.

[311u13@311U13 ~]$ alias foo='cd/usr; ls;cd-'
[311u13@311U13 ~]$ foo
bash: cd/usr: No such file or directory
 lab1.txt  'VirtualBox VMs'   Загрузки      Общедоступные
 lab2.txt   Видео             Изображения  'Рабочий стол'
 sync.sh    Документы         Музыка        Шаблоны
Создание своей команды

Глава 6
ls -l /bin/usr > ls-output.txt
ls: невозможно получить доступ к '/bin/usr': No such file or directory
ls -l ls-output.txt
-rw-r--r--. 1 311u14 пользователи домена 0 янв 31 11:24 ls-output.txt
ls -l ls-output.txt
-rw-r--r--. 1 311u14 пользователи домена 360942 янв 31 11:27 ls-output.txt


