u11@u11-VirtualBox:~$ 3131
3131: команда не найдена
u11@u11-VirtualBox:~$ sudo apt update
[sudo] пароль для u11: 
Сущ:1 http://ru.archive.ubuntu.com/ubuntu jammy InRelease
Пол:2 http://ru.archive.ubuntu.com/ubuntu jammy-updates InRelease [128 kB]
Пол:3 http://security.ubuntu.com/ubuntu jammy-security InRelease [129 kB]
Сущ:4 http://ru.archive.ubuntu.com/ubuntu jammy-backports InRelease   
Получено 257 kB за 1с (225 kB/s)   
Чтение списков пакетов… Готово
Построение дерева зависимостей… Готово
Чтение информации о состоянии… Готово         
Все пакеты имеют последние версии.
u11@u11-VirtualBox:~$ sudo apt install curl software-properties-common ca-certificates apt-transport-https -y
Чтение списков пакетов… Готово
Построение дерева зависимостей… Готово
Чтение информации о состоянии… Готово         
Уже установлен пакет ca-certificates самой новой версии (20240203~22.04.1).
ca-certificates помечен как установленный вручную.
Уже установлен пакет software-properties-common самой новой версии (0.99.22.9).
software-properties-common помечен как установленный вручную.
Следующие пакеты устанавливались автоматически и больше не требуются:
  libwpe-1.0-1 libwpebackend-fdo-1.0-1
Для их удаления используйте «sudo apt autoremove».
Следующие НОВЫЕ пакеты будут установлены:
  apt-transport-https curl
Обновлено 0 пакетов, установлено 2 новых пакетов, для удаления отмечено 0 пакетов, и 0 пакетов не обновлено.
Необходимо скачать 196 kB архивов.
После данной операции объём занятого дискового пространства возрастёт на 625 kB.
Пол:1 http://ru.archive.ubuntu.com/ubuntu jammy-updates/universe amd64 apt-transport-https all 2.4.13 [1 510 B]
Пол:2 http://ru.archive.ubuntu.com/ubuntu jammy-updates/main amd64 curl amd64 7.81.0-1ubuntu1.20 [194 kB]
Получено 196 kB за 0с (486 kB/s)           
Выбор ранее не выбранного пакета apt-transport-https.
(Чтение базы данных … на данный момент установлено 180698 файлов и каталогов.)
Подготовка к распаковке …/apt-transport-https_2.4.13_all.deb …
Распаковывается apt-transport-https (2.4.13) …
Выбор ранее не выбранного пакета curl.
Подготовка к распаковке …/curl_7.81.0-1ubuntu1.20_amd64.deb …
Распаковывается curl (7.81.0-1ubuntu1.20) …
Настраивается пакет apt-transport-https (2.4.13) …
Настраивается пакет curl (7.81.0-1ubuntu1.20) …
Обрабатываются триггеры для man-db (2.10.2-1) …
u11@u11-VirtualBox:~$ curl -fsSL
curl: no URL specified!
curl: try 'curl --help' or 'curl --manual' for more information
u11@u11-VirtualBox:~$ curl-fsSL
curl-fsSL: команда не найдена
u11@u11-VirtualBox:~$ https://download.docker.com/linux/ubuntu/g pg | sudo apt-key add -
bash: https://download.docker.com/linux/ubuntu/g: Нет такого файла или каталога
Warning: apt-key is deprecated. Manage keyring files in trusted.gpg.d instead (see apt-key(8)).
gpg: не найдено данных формата OpenPGP.
u11@u11-VirtualBox:~$ https://download.docker.com/linux/ubuntu/g pg | sudo apt-key add-
bash: https://download.docker.com/linux/ubuntu/g: Нет такого файла или каталога
Usage: apt-key [--keyring file] [command] [arguments]

Manage apt's list of trusted keys

  apt-key add <file>          - add the key contained in <file> ('-' for stdin)
  apt-key del <keyid>         - remove the key <keyid>
  apt-key export <keyid>      - output the key <keyid>
  apt-key exportall           - output all trusted keys
  apt-key update              - update keys using the keyring package
  apt-key net-update          - update keys using the network
  apt-key list                - list keys
  apt-key finger              - list fingerprints
  apt-key adv                 - pass advanced options to gpg (download key)

If no specific keyring file is given the command applies to all keyring files.
u11@u11-VirtualBox:~$ sudo add-apt-repository "deb [arch=amd64] https://download.docker.com/linux/ubuntu jammy stable"
Репозиторий: 'deb [arch=amd64] https://download.docker.com/linux/ubuntu jammy stable'
Описание:
Archive for codename: jammy components: stable
Дополнительные сведения: https://download.docker.com/linux/ubuntu
Добавление репозитория.
Нажмите [ENTER] для продолжения или Ctrl-C для отмены.
Adding deb entry to /etc/apt/sources.list.d/archive_uri-https_download_docker_com_linux_ubuntu-jammy.list
Adding disabled deb-src entry to /etc/apt/sources.list.d/archive_uri-https_download_docker_com_linux_ubuntu-jammy.list
Сущ:1 http://ru.archive.ubuntu.com/ubuntu jammy InRelease
Пол:2 http://ru.archive.ubuntu.com/ubuntu jammy-updates InRelease [128 kB]     
Сущ:3 http://security.ubuntu.com/ubuntu jammy-security InRelease               
Пол:4 https://download.docker.com/linux/ubuntu jammy InRelease [48,8 kB]       
Сущ:5 http://ru.archive.ubuntu.com/ubuntu jammy-backports InRelease            
Ошб:4 https://download.docker.com/linux/ubuntu jammy InRelease
  Следующие подписи не могут быть проверены, так как недоступен открытый ключ: NO_PUBKEY 7EA0A9C3F273FCD8
Чтение списков пакетов… Готово
W: Ошибка GPG: https://download.docker.com/linux/ubuntu jammy InRelease: Следующие подписи не могут быть проверены, так как недоступен открытый ключ: NO_PUBKEY 7EA0A9C3F273FCD8
E: Репозиторий «https://download.docker.com/linux/ubuntu jammy InRelease» не подписан.
N: Обновление из этого репозитория нельзя выполнить безопасным способом, поэтому по умолчанию он отключён.
N: Информацию о создании репозитория и настройках пользователя смотрите в справочной странице apt-secure(8).
u11@u11-VirtualBox:~$ sudo apt uptade
E: Неверная операция uptade
u11@u11-VirtualBox:~$ sudo apt update
Сущ:1 http://ru.archive.ubuntu.com/ubuntu jammy InRelease
Сущ:2 http://ru.archive.ubuntu.com/ubuntu jammy-updates InRelease              
Сущ:3 http://security.ubuntu.com/ubuntu jammy-security InRelease               
Сущ:4 http://ru.archive.ubuntu.com/ubuntu jammy-backports InRelease            
Пол:5 https://download.docker.com/linux/ubuntu jammy InRelease [48,8 kB]       
Ошб:5 https://download.docker.com/linux/ubuntu jammy InRelease
  Следующие подписи не могут быть проверены, так как недоступен открытый ключ: NO_PUBKEY 7EA0A9C3F273FCD8
Чтение списков пакетов… Готово
W: Ошибка GPG: https://download.docker.com/linux/ubuntu jammy InRelease: Следующие подписи не могут быть проверены, так как недоступен открытый ключ: NO_PUBKEY 7EA0A9C3F273FCD8
E: Репозиторий «https://download.docker.com/linux/ubuntu jammy InRelease» не подписан.
N: Обновление из этого репозитория нельзя выполнить безопасным способом, поэтому по умолчанию он отключён.
N: Информацию о создании репозитория и настройках пользователя смотрите в справочной странице apt-secure(8).
u11@u11-VirtualBox:~$ sudo apt install docker-ce -y
Чтение списков пакетов… Готово
Построение дерева зависимостей… Готово
Чтение информации о состоянии… Готово         
Пакет docker-ce недоступен, но упомянут в списке зависимостей другого
пакета. Это может означать, что пакет отсутствует, устарел или
доступен из источников, не упомянутых в sources.list

E: Для пакета «docker-ce» не найден кандидат на установку
u11@u11-VirtualBox:~$ sudo apt install docker-ce -y
Чтение списков пакетов… Готово
Построение дерева зависимостей… Готово
Чтение информации о состоянии… Готово         
Пакет docker-ce недоступен, но упомянут в списке зависимостей другого
пакета. Это может означать, что пакет отсутствует, устарел или
доступен из источников, не упомянутых в sources.list

E: Для пакета «docker-ce» не найден кандидат на установку
u11@u11-VirtualBox:~$ sudo apt update
Сущ:1 http://ru.archive.ubuntu.com/ubuntu jammy InRelease
Пол:2 http://ru.archive.ubuntu.com/ubuntu jammy-updates InRelease [128 kB]     
Сущ:3 http://security.ubuntu.com/ubuntu jammy-security InRelease               
Пол:4 https://download.docker.com/linux/ubuntu jammy InRelease [48,8 kB]       
Ошб:4 https://download.docker.com/linux/ubuntu jammy InRelease            
  Следующие подписи не могут быть проверены, так как недоступен открытый ключ: NO_PUBKEY 7EA0A9C3F273FCD8
Сущ:5 http://ru.archive.ubuntu.com/ubuntu jammy-backports InRelease
Чтение списков пакетов… Готово                                                 
W: Ошибка GPG: https://download.docker.com/linux/ubuntu jammy InRelease: Следующие подписи не могут быть проверены, так как недоступен открытый ключ: NO_PUBKEY 7EA0A9C3F273FCD8
E: Репозиторий «https://download.docker.com/linux/ubuntu jammy InRelease» не подписан.
N: Обновление из этого репозитория нельзя выполнить безопасным способом, поэтому по умолчанию он отключён.
N: Информацию о создании репозитория и настройках пользователя смотрите в справочной странице apt-secure(8).
u11@u11-VirtualBox:~$ sudo apt install docker-ce -y
Чтение списков пакетов… Готово
Построение дерева зависимостей… Готово
Чтение информации о состоянии… Готово         
Пакет docker-ce недоступен, но упомянут в списке зависимостей другого
пакета. Это может означать, что пакет отсутствует, устарел или
доступен из источников, не упомянутых в sources.list

E: Для пакета «docker-ce» не найден кандидат на установку
u11@u11-VirtualBox:~$ sudo apt install docker-ce -y
Чтение списков пакетов… Готово
Построение дерева зависимостей… Готово
Чтение информации о состоянии… Готово         
Пакет docker-ce недоступен, но упомянут в списке зависимостей другого
пакета. Это может означать, что пакет отсутствует, устарел или
доступен из источников, не упомянутых в sources.list

E: Для пакета «docker-ce» не найден кандидат на установку
u11@u11-VirtualBox:~$ https://download.docker.com/linux/ubuntu/g pg | sudo apt-key add -
bash: https://download.docker.com/linux/ubuntu/g: Нет такого файла или каталога
Warning: apt-key is deprecated. Manage keyring files in trusted.gpg.d instead (see apt-key(8)).
gpg: не найдено данных формата OpenPGP.
u11@u11-VirtualBox:~$ curl -fsSL https://download.docker.com/linux/ubuntu/g pg | sudo apt-key add -
Warning: apt-key is deprecated. Manage keyring files in trusted.gpg.d instead (see apt-key(8)).
curl: (22) The requested URL returned error: 404
curl: (6) Could not resolve host: pg
gpg: не найдено данных формата OpenPGP.
u11@u11-VirtualBox:~$ curl -fsSL https://download.docker.com/linux/ubuntu/gpg | sudo apt-key add -
Warning: apt-key is deprecated. Manage keyring files in trusted.gpg.d instead (see apt-key(8)).
OK
u11@u11-VirtualBox:~$ sudo add-apt-repository "deb [arch=amd64] https://download.docker.com/linux/ubuntu jammy stable"
Репозиторий: 'deb [arch=amd64] https://download.docker.com/linux/ubuntu jammy stable'
Описание:
Archive for codename: jammy components: stable
Дополнительные сведения: https://download.docker.com/linux/ubuntu
Добавление репозитория.
Нажмите [ENTER] для продолжения или Ctrl-C для отмены.
Found existing deb entry in /etc/apt/sources.list.d/archive_uri-https_download_docker_com_linux_ubuntu-jammy.list
Adding deb entry to /etc/apt/sources.list.d/archive_uri-https_download_docker_com_linux_ubuntu-jammy.list
Found existing deb-src entry in /etc/apt/sources.list.d/archive_uri-https_download_docker_com_linux_ubuntu-jammy.list
Adding disabled deb-src entry to /etc/apt/sources.list.d/archive_uri-https_download_docker_com_linux_ubuntu-jammy.list
Сущ:1 http://ru.archive.ubuntu.com/ubuntu jammy InRelease
Сущ:2 http://security.ubuntu.com/ubuntu jammy-security InRelease
Пол:3 http://ru.archive.ubuntu.com/ubuntu jammy-updates InRelease [128 kB]     
Пол:4 https://download.docker.com/linux/ubuntu jammy InRelease [48,8 kB]       
Сущ:5 http://ru.archive.ubuntu.com/ubuntu jammy-backports InRelease            
Пол:6 https://download.docker.com/linux/ubuntu jammy/stable amd64 Packages [48,1 kB]
Получено 225 kB за 1с (190 kB/s)    
Чтение списков пакетов… Готово
W: https://download.docker.com/linux/ubuntu/dists/jammy/InRelease: Ключ хранится в унаследованной связке ключей trusted.gpg (/etc/apt/trusted.gpg), подробности см. в разделе DEPRECATION в apt-key(8).
u11@u11-VirtualBox:~$ sudo apt update
Сущ:1 http://ru.archive.ubuntu.com/ubuntu jammy InRelease
Сущ:2 http://ru.archive.ubuntu.com/ubuntu jammy-updates InRelease              
Сущ:3 http://security.ubuntu.com/ubuntu jammy-security InRelease               
Сущ:4 http://ru.archive.ubuntu.com/ubuntu jammy-backports InRelease            
Сущ:5 https://download.docker.com/linux/ubuntu jammy InRelease                 
Чтение списков пакетов… Готово            
Построение дерева зависимостей… Готово
Чтение информации о состоянии… Готово         
Все пакеты имеют последние версии.
W: https://download.docker.com/linux/ubuntu/dists/jammy/InRelease: Ключ хранится в унаследованной связке ключей trusted.gpg (/etc/apt/trusted.gpg), подробности см. в разделе DEPRECATION в apt-key(8).
u11@u11-VirtualBox:~$ sudo apt install curl software-properties-common ca-certificates apt-transport-https -y
Чтение списков пакетов… Готово
Построение дерева зависимостей… Готово
Чтение информации о состоянии… Готово         
Уже установлен пакет ca-certificates самой новой версии (20240203~22.04.1).
Уже установлен пакет curl самой новой версии (7.81.0-1ubuntu1.20).
Уже установлен пакет software-properties-common самой новой версии (0.99.22.9).
Уже установлен пакет apt-transport-https самой новой версии (2.4.13).
Следующие пакеты устанавливались автоматически и больше не требуются:
  libwpe-1.0-1 libwpebackend-fdo-1.0-1
Для их удаления используйте «sudo apt autoremove».
Обновлено 0 пакетов, установлено 0 новых пакетов, для удаления отмечено 0 пакетов, и 0 пакетов не обновлено.
u11@u11-VirtualBox:~$ curl -fsSL
curl: no URL specified!
curl: try 'curl --help' or 'curl --manual' for more information
u11@u11-VirtualBox:~$ sudo apt-get install docker-compose
Чтение списков пакетов… Готово
Построение дерева зависимостей… Готово
Чтение информации о состоянии… Готово         
Следующие пакеты устанавливались автоматически и больше не требуются:
  libwpe-1.0-1 libwpebackend-fdo-1.0-1
Для их удаления используйте «sudo apt autoremove».
Будут установлены следующие дополнительные пакеты:
  bridge-utils containerd docker.io git git-man liberror-perl pigz
  python3-attr python3-distutils python3-docker python3-dockerpty
  python3-docopt python3-dotenv python3-jsonschema python3-lib2to3
  python3-pyrsistent python3-setuptools python3-texttable python3-websocket
  runc ubuntu-fan
Предлагаемые пакеты:
  ifupdown aufs-tools btrfs-progs cgroupfs-mount | cgroup-lite debootstrap
  docker-buildx docker-compose-v2 docker-doc rinse zfs-fuse | zfsutils
  git-daemon-run | git-daemon-sysvinit git-doc git-email git-gui gitk gitweb
  git-cvs git-mediawiki git-svn python-attr-doc python-jsonschema-doc
  python-setuptools-doc
Следующие НОВЫЕ пакеты будут установлены:
  bridge-utils containerd docker-compose docker.io git git-man liberror-perl
  pigz python3-attr python3-distutils python3-docker python3-dockerpty
  python3-docopt python3-dotenv python3-jsonschema python3-lib2to3
  python3-pyrsistent python3-setuptools python3-texttable python3-websocket
  runc ubuntu-fan
Обновлено 0 пакетов, установлено 22 новых пакетов, для удаления отмечено 0 пакетов, и 0 пакетов не обновлено.
Необходимо скачать 83,5 MB архивов.
После данной операции объём занятого дискового пространства возрастёт на 326 MB.
Хотите продолжить? [Д/н] д
Пол:1 http://ru.archive.ubuntu.com/ubuntu jammy/universe amd64 pigz amd64 2.6-1 [63,6 kB]
Пол:2 http://ru.archive.ubuntu.com/ubuntu jammy/main amd64 bridge-utils amd64 1.7-1ubuntu3 [34,4 kB]
Пол:3 http://ru.archive.ubuntu.com/ubuntu jammy-updates/main amd64 runc amd64 1.1.12-0ubuntu2~22.04.1 [8 405 kB]
Пол:4 http://ru.archive.ubuntu.com/ubuntu jammy-updates/main amd64 containerd amd64 1.7.24-0ubuntu1~22.04.2 [37,3 MB]
Пол:5 http://ru.archive.ubuntu.com/ubuntu jammy-updates/main amd64 python3-lib2to3 all 3.10.8-1~22.04 [77,6 kB]
Пол:6 http://ru.archive.ubuntu.com/ubuntu jammy-updates/main amd64 python3-distutils all 3.10.8-1~22.04 [139 kB]
Пол:7 http://ru.archive.ubuntu.com/ubuntu jammy/universe amd64 python3-websocket all 1.2.3-1 [34,7 kB]
Пол:8 http://ru.archive.ubuntu.com/ubuntu jammy/universe amd64 python3-docker all 5.0.3-1 [89,3 kB]
Пол:9 http://ru.archive.ubuntu.com/ubuntu jammy/universe amd64 python3-dockerpty all 0.4.1-2 [11,1 kB]
Пол:10 http://ru.archive.ubuntu.com/ubuntu jammy/universe amd64 python3-docopt all 0.6.2-4 [26,9 kB]
Пол:11 http://ru.archive.ubuntu.com/ubuntu jammy/universe amd64 python3-dotenv all 0.19.2-1 [20,5 kB]
Пол:12 http://ru.archive.ubuntu.com/ubuntu jammy/main amd64 python3-attr all 21.2.0-1 [44,0 kB]
Пол:13 http://ru.archive.ubuntu.com/ubuntu jammy-updates/main amd64 python3-setuptools all 59.6.0-1.2ubuntu0.22.04.2 [340 kB]
Пол:14 http://ru.archive.ubuntu.com/ubuntu jammy/main amd64 python3-pyrsistent amd64 0.18.1-1build1 [55,5 kB]
Пол:15 http://ru.archive.ubuntu.com/ubuntu jammy/main amd64 python3-jsonschema all 3.2.0-0ubuntu2 [43,1 kB]
Пол:16 http://ru.archive.ubuntu.com/ubuntu jammy/universe amd64 python3-texttable all 1.6.4-1 [11,4 kB]
Пол:17 http://ru.archive.ubuntu.com/ubuntu jammy/universe amd64 docker-compose all 1.29.2-1 [95,8 kB]
Пол:18 http://ru.archive.ubuntu.com/ubuntu jammy-updates/universe amd64 docker.io amd64 26.1.3-0ubuntu1~22.04.1 [32,5 MB]
Пол:19 http://ru.archive.ubuntu.com/ubuntu jammy/main amd64 liberror-perl all 0.17029-1 [26,5 kB]
Пол:20 http://ru.archive.ubuntu.com/ubuntu jammy-updates/main amd64 git-man all 1:2.34.1-1ubuntu1.12 [955 kB]
Пол:21 http://ru.archive.ubuntu.com/ubuntu jammy-updates/main amd64 git amd64 1:2.34.1-1ubuntu1.12 [3 165 kB]
Пол:22 http://ru.archive.ubuntu.com/ubuntu jammy/universe amd64 ubuntu-fan all 0.12.16 [35,2 kB]
Получено 83,5 MB за 43с (1 929 kB/s)                                           
Предварительная настройка пакетов …
Выбор ранее не выбранного пакета pigz.
(Чтение базы данных … на данный момент установлено 180709 файлов и каталогов.)
Подготовка к распаковке …/00-pigz_2.6-1_amd64.deb …
Распаковывается pigz (2.6-1) …
Выбор ранее не выбранного пакета bridge-utils.
Подготовка к распаковке …/01-bridge-utils_1.7-1ubuntu3_amd64.deb …
Распаковывается bridge-utils (1.7-1ubuntu3) …
Выбор ранее не выбранного пакета runc.
Подготовка к распаковке …/02-runc_1.1.12-0ubuntu2~22.04.1_amd64.deb …
Распаковывается runc (1.1.12-0ubuntu2~22.04.1) …
Выбор ранее не выбранного пакета containerd.
Подготовка к распаковке …/03-containerd_1.7.24-0ubuntu1~22.04.2_amd64.deb …
Распаковывается containerd (1.7.24-0ubuntu1~22.04.2) …
Выбор ранее не выбранного пакета python3-lib2to3.
Подготовка к распаковке …/04-python3-lib2to3_3.10.8-1~22.04_all.deb …
Распаковывается python3-lib2to3 (3.10.8-1~22.04) …
Выбор ранее не выбранного пакета python3-distutils.
Подготовка к распаковке …/05-python3-distutils_3.10.8-1~22.04_all.deb …
Распаковывается python3-distutils (3.10.8-1~22.04) …
Выбор ранее не выбранного пакета python3-websocket.
Подготовка к распаковке …/06-python3-websocket_1.2.3-1_all.deb …
Распаковывается python3-websocket (1.2.3-1) …
Выбор ранее не выбранного пакета python3-docker.
Подготовка к распаковке …/07-python3-docker_5.0.3-1_all.deb …
Распаковывается python3-docker (5.0.3-1) …
Выбор ранее не выбранного пакета python3-dockerpty.
Подготовка к распаковке …/08-python3-dockerpty_0.4.1-2_all.deb …
Распаковывается python3-dockerpty (0.4.1-2) …
Выбор ранее не выбранного пакета python3-docopt.
Подготовка к распаковке …/09-python3-docopt_0.6.2-4_all.deb …
Распаковывается python3-docopt (0.6.2-4) …
Выбор ранее не выбранного пакета python3-dotenv.
Подготовка к распаковке …/10-python3-dotenv_0.19.2-1_all.deb …
Распаковывается python3-dotenv (0.19.2-1) …
Выбор ранее не выбранного пакета python3-attr.
Подготовка к распаковке …/11-python3-attr_21.2.0-1_all.deb …
Распаковывается python3-attr (21.2.0-1) …
Выбор ранее не выбранного пакета python3-setuptools.
Подготовка к распаковке …/12-python3-setuptools_59.6.0-1.2ubuntu0.22.04.2_all.deb …
Распаковывается python3-setuptools (59.6.0-1.2ubuntu0.22.04.2) …
Выбор ранее не выбранного пакета python3-pyrsistent:amd64.
Подготовка к распаковке …/13-python3-pyrsistent_0.18.1-1build1_amd64.deb …
Распаковывается python3-pyrsistent:amd64 (0.18.1-1build1) …
Выбор ранее не выбранного пакета python3-jsonschema.
Подготовка к распаковке …/14-python3-jsonschema_3.2.0-0ubuntu2_all.deb …
Распаковывается python3-jsonschema (3.2.0-0ubuntu2) …
Выбор ранее не выбранного пакета python3-texttable.
Подготовка к распаковке …/15-python3-texttable_1.6.4-1_all.deb …
Распаковывается python3-texttable (1.6.4-1) …
Выбор ранее не выбранного пакета docker-compose.
Подготовка к распаковке …/16-docker-compose_1.29.2-1_all.deb …
Распаковывается docker-compose (1.29.2-1) …
Выбор ранее не выбранного пакета docker.io.
Подготовка к распаковке …/17-docker.io_26.1.3-0ubuntu1~22.04.1_amd64.deb …
Распаковывается docker.io (26.1.3-0ubuntu1~22.04.1) …
Выбор ранее не выбранного пакета liberror-perl.
Подготовка к распаковке …/18-liberror-perl_0.17029-1_all.deb …
Распаковывается liberror-perl (0.17029-1) …
Выбор ранее не выбранного пакета git-man.
Подготовка к распаковке …/19-git-man_1%3a2.34.1-1ubuntu1.12_all.deb …
Распаковывается git-man (1:2.34.1-1ubuntu1.12) …
Выбор ранее не выбранного пакета git.
Подготовка к распаковке …/20-git_1%3a2.34.1-1ubuntu1.12_amd64.deb …
Распаковывается git (1:2.34.1-1ubuntu1.12) …
Выбор ранее не выбранного пакета ubuntu-fan.
Подготовка к распаковке …/21-ubuntu-fan_0.12.16_all.deb …
Распаковывается ubuntu-fan (0.12.16) …
Настраивается пакет python3-dotenv (0.19.2-1) …
Настраивается пакет python3-attr (21.2.0-1) …
Настраивается пакет python3-texttable (1.6.4-1) …
Настраивается пакет python3-docopt (0.6.2-4) …
Настраивается пакет runc (1.1.12-0ubuntu2~22.04.1) …
Настраивается пакет liberror-perl (0.17029-1) …
Настраивается пакет bridge-utils (1.7-1ubuntu3) …
Настраивается пакет python3-pyrsistent:amd64 (0.18.1-1build1) …
Настраивается пакет pigz (2.6-1) …
Настраивается пакет git-man (1:2.34.1-1ubuntu1.12) …
Настраивается пакет containerd (1.7.24-0ubuntu1~22.04.2) …
Created symlink /etc/systemd/system/multi-user.target.wants/containerd.service → /lib/systemd/system/containerd.service.
Настраивается пакет python3-lib2to3 (3.10.8-1~22.04) …
Настраивается пакет python3-websocket (1.2.3-1) …
Настраивается пакет python3-dockerpty (0.4.1-2) …
Настраивается пакет python3-distutils (3.10.8-1~22.04) …
Настраивается пакет ubuntu-fan (0.12.16) …
Created symlink /etc/systemd/system/multi-user.target.wants/ubuntu-fan.service → /lib/systemd/system/ubuntu-fan.service.
Настраивается пакет python3-setuptools (59.6.0-1.2ubuntu0.22.04.2) …
Настраивается пакет python3-docker (5.0.3-1) …
Настраивается пакет docker.io (26.1.3-0ubuntu1~22.04.1) …
Добавляется группа «docker» (GID 137) ...
Готово.
Created symlink /etc/systemd/system/multi-user.target.wants/docker.service → /lib/systemd/system/docker.service.
Created symlink /etc/systemd/system/sockets.target.wants/docker.socket → /lib/systemd/system/docker.socket.
Настраивается пакет python3-jsonschema (3.2.0-0ubuntu2) …
Настраивается пакет git (1:2.34.1-1ubuntu1.12) …
Настраивается пакет docker-compose (1.29.2-1) …
Обрабатываются триггеры для man-db (2.10.2-1) …
u11@u11-VirtualBox:~$ docker compose version
docker: 'compose' is not a docker command.
See 'docker --help'
u11@u11-VirtualBox:~$ docker compose version
docker: 'compose' is not a docker command.
See 'docker --help'
u11@u11-VirtualBox:~$ docker-compose --version
docker-compose version 1.29.2, build unknown
u11@u11-VirtualBox:~$ docker compose
docker: 'compose' is not a docker command.
See 'docker --help'
u11@u11-VirtualBox:~$ docker run --net host -d -e MYSQL_PASSWORD=123454 -d mysql
docker: permission denied while trying to connect to the Docker daemon socket at unix:///var/run/docker.sock: Head "http://%2Fvar%2Frun%2Fdocker.sock/_ping": dial unix /var/run/docker.sock: connect: permission denied.
See 'docker run --help'.
u11@u11-VirtualBox:~$ docker run --net host -d -e MYSQL_PASSWORD=12345 -d mysql
docker: permission denied while trying to connect to the Docker daemon socket at unix:///var/run/docker.sock: Head "http://%2Fvar%2Frun%2Fdocker.sock/_ping": dial unix /var/run/docker.sock: connect: permission denied.
See 'docker run --help'.
u11@u11-VirtualBox:~$ sudo docker run --net host -d -e MYSQL_PASSWORD=12345 -d mysql
[sudo] пароль для u11: 
Unable to find image 'mysql:latest' locally
latest: Pulling from library/mysql
cea172a6e83b: Pull complete 
fa811e9a869e: Pull complete 
47a2982daa21: Pull complete 
634d7076afe3: Pull complete 
aa8a3958f09f: Pull complete 
84e4e5ea3754: Pull complete 
2275c0ff11a0: Pull complete 
2792ea2d4e0e: Pull complete 
f488b2cd8494: Pull complete 
9451290759df: Pull complete 
Digest: sha256:7839322bd6c3174a699586c3ea36314c59b61b4ce01b4146951818b94aef5fd7
Status: Downloaded newer image for mysql:latest
617bcfc60fb17b70660a17cf6107958802b1c5e685c01b116d5a3c5dc85028f3
u11@u11-VirtualBox:~$ sudo docker run --net host -d nginx
Unable to find image 'nginx:latest' locally
^[[Alatest: Pulling from library/nginx
8a628cdd7ccc: Pull complete 
b0c073cda91f: Pull complete 
e6557c42ebea: Pull complete 
ec74683520b9: Pull complete 
6c95adab80c5: Pull complete 
ad8a0171f43e: Pull complete 
32ef64864ec3: Pull complete 
Digest: sha256:5ed8fcc66f4ed123c1b2560ed708dc148755b6e4cbd8b943fab094f2c6bfa91e
Status: Downloaded newer image for nginx:latest
e7773a705162c9392c3f40e8ff05d1e0457ae16d1683cb9d71392a0de33b7af1
u11@u11-VirtualBox:~$ sudo systemctl status docker
● docker.service - Docker Application Container Engine
     Loaded: loaded (/lib/systemd/system/docker.service; enabled; vendor preset>
     Active: active (running) since Fri 2025-04-18 15:06:59 +07; 29min ago
TriggeredBy: ● docker.socket
       Docs: https://docs.docker.com
   Main PID: 42743 (dockerd)
      Tasks: 8
     Memory: 500.8M
        CPU: 27.093s
     CGroup: /system.slice/docker.service
             └─42743 /usr/bin/dockerd -H fd:// --containerd=/run/containerd/con>

апр 18 15:06:58 u11-VirtualBox systemd[1]: Starting Docker Application Containe>
апр 18 15:06:58 u11-VirtualBox dockerd[42743]: time="2025-04-18T15:06:58.813132>
апр 18 15:06:58 u11-VirtualBox dockerd[42743]: time="2025-04-18T15:06:58.814485>
апр 18 15:06:58 u11-VirtualBox dockerd[42743]: time="2025-04-18T15:06:58.920370>
апр 18 15:06:59 u11-VirtualBox dockerd[42743]: time="2025-04-18T15:06:59.210410>
апр 18 15:06:59 u11-VirtualBox dockerd[42743]: time="2025-04-18T15:06:59.247025>
апр 18 15:06:59 u11-VirtualBox dockerd[42743]: time="2025-04-18T15:06:59.248387>
апр 18 15:06:59 u11-VirtualBox dockerd[42743]: time="2025-04-18T15:06:59.322294>
апр 18 15:06:59 u11-VirtualBox systemd[1]: Started Docker Application Container>
апр 18 15:33:34 u11-VirtualBox dockerd[42743]: time="2025-04-18T15:33:34.954861>
u11@u11-VirtualBox:~$ docker-compose --version
docker-compose version 1.29.2, build unknown
u11@u11-VirtualBox:~$ u11@u11-VirtualBox:~$ 3131
3131: команда не найдена
u11@u11-VirtualBox:~$ sudo apt update
[sudo] пароль для u11: 
Сущ:1 http://ru.archive.ubuntu.com/ubuntu jammy InRelease
Пол:2 http://ru.archive.ubuntu.com/ubuntu jammy-updates InRelease [128 kB]
Пол:3 http://security.ubuntu.com/ubuntu jammy-security InRelease [129 kB]
Сущ:4 http://ru.archive.ubuntu.com/ubuntu jammy-backports InRelease   
Получено 257 kB за 1с (225 kB/s)   
Чтение списков пакетов… Готово
Построение дерева зависимостей… Готово
Чтение информации о состоянии… Готово         
Все пакеты имеют последние версии.
u11@u11-VirtualBox:~$ sudo apt install curl software-properties-common ca-certificates apt-transport-https -y
Чтение списков пакетов… Готово
Построение дерева зависимостей… Готово
Чтение информации о состоянии… Готово         
Уже установлен пакет ca-certificates самой новой версии (20240203~22.04.1).
ca-certificates помечен как установленный вручную.
Уже установлен пакет software-properties-common самой новой версии (0.99.22.9).
software-properties-common помечен как установленный вручную.
Следующие пакеты устанавливались автоматически и больше не требуются:
  libwpe-1.0-1 libwpebackend-fdo-1.0-1
Для их удаления используйте «sudo apt autoremove».
Следующие НОВЫЕ пакеты будут установлены:
  apt-transport-https curl
Обновлено 0 пакетов, установлено 2 новых пакетов, для удаления отмечено 0 пакетов, и 0 пакетов не обновлено.
Необходимо скачать 196 kB архивов.
После данной операции объём занятого дискового пространства возрастёт на 625 kB.
Пол:1 http://ru.archive.ubuntu.com/ubuntu jammy-updates/universe amd64 apt-transport-https all 2.4.13 [1 510 B]
Пол:2 http://ru.archive.ubuntu.com/ubuntu jammy-updates/main amd64 curl amd64 7.81.0-1ubuntu1.20 [194 kB]
Получено 196 kB за 0с (486 kB/s)           
Выбор ранее не выбранного пакета apt-transport-https.
(Чтение базы данных … на данный момент установлено 180698 файлов и каталогов.)
Подготовка к распаковке …/apt-transport-https_2.4.13_all.deb …
Распаковывается apt-transport-https (2.4.13) …
Выбор ранее не выбранного пакета curl.
Подготовка к распаковке …/curl_7.81.0-1ubuntu1.20_amd64.deb …
Распаковывается curl (7.81.0-1ubuntu1.20) …
Настраивается пакет apt-transport-https (2.4.13) …
Настраивается пакет curl (7.81.0-1ubuntu1.20) …
Обрабатываются триггеры для man-db (2.10.2-1) …
u11@u11-VirtualBox:~$ curl -fsSL
curl: no URL specified!
curl: try 'curl --help' or 'curl --manual' for more information
u11@u11-VirtualBox:~$ curl-fsSL
curl-fsSL: команда не найдена
u11@u11-VirtualBox:~$ https://download.docker.com/linux/ubuntu/g pg | sudo apt-key add -
bash: https://download.docker.com/linux/ubuntu/g: Нет такого файла или каталога
Warning: apt-key is deprecated. Manage keyring files in trusted.gpg.d instead (see apt-key(8)).
gpg: не найдено данных формата OpenPGP.
u11@u11-VirtualBox:~$ https://download.docker.com/linux/ubuntu/g pg | sudo apt-key add-
bash: https://download.docker.com/linux/ubuntu/g: Нет такого файла или каталога
Usage: apt-key [--keyring file] [command] [arguments]

Manage apt's list of trusted keys

  apt-key add <file>          - add the key contained in <file> ('-' for stdin)
  apt-key del <keyid>         - remove the key <keyid>
  apt-key export <keyid>      - output the key <keyid>
  apt-key exportall           - output all trusted keys
  apt-key update              - update keys using the keyring package
  apt-key net-update          - update keys using the network
  apt-key list                - list keys
  apt-key finger              - list fingerprints
  apt-key adv                 - pass advanced options to gpg (download key)

If no specific keyring file is given the command applies to all keyring files.
u11@u11-VirtualBox:~$ sudo add-apt-repository "deb [arch=amd64] https://download.docker.com/linux/ubuntu jammy stable"
Репозиторий: 'deb [arch=amd64] https://download.docker.com/linux/ubuntu jammy stable'
Описание:
Archive for codename: jammy components: stable
Дополнительные сведения: https://download.docker.com/linux/ubuntu
Добавление репозитория.
Нажмите [ENTER] для продолжения или Ctrl-C для отмены.
Adding deb entry to /etc/apt/sources.list.d/archive_uri-https_download_docker_com_linux_ubuntu-jammy.list
Adding disabled deb-src entry to /etc/apt/sources.list.d/archive_uri-https_download_docker_com_linux_ubuntu-jammy.list
Сущ:1 http://ru.archive.ubuntu.com/ubuntu jammy InRelease
Пол:2 http://ru.archive.ubuntu.com/ubuntu jammy-updates InRelease [128 kB]     
Сущ:3 http://security.ubuntu.com/ubuntu jammy-security InRelease               
Пол:4 https://download.docker.com/linux/ubuntu jammy InRelease [48,8 kB]       
Сущ:5 http://ru.archive.ubuntu.com/ubuntu jammy-backports InRelease            
Ошб:4 https://download.docker.com/linux/ubuntu jammy InRelease
  Следующие подписи не могут быть проверены, так как недоступен открытый ключ: NO_PUBKEY 7EA0A9C3F273FCD8
Чтение списков пакетов… Готово
W: Ошибка GPG: https://download.docker.com/linux/ubuntu jammy InRelease: Следующие подписи не могут быть проверены, так как недоступен открытый ключ: NO_PUBKEY 7EA0A9C3F273FCD8
E: Репозиторий «https://download.docker.com/linux/ubuntu jammy InRelease» не подписан.
N: Обновление из этого репозитория нельзя выполнить безопасным способом, поэтому по умолчанию он отключён.
N: Информацию о создании репозитория и настройках пользователя смотрите в справочной странице apt-secure(8).
u11@u11-VirtualBox:~$ sudo apt uptade
E: Неверная операция uptade
u11@u11-VirtualBox:~$ sudo apt update
Сущ:1 http://ru.archive.ubuntu.com/ubuntu jammy InRelease
Сущ:2 http://ru.archive.ubuntu.com/ubuntu jammy-updates InRelease              
Сущ:3 http://security.ubuntu.com/ubuntu jammy-security InRelease               
Сущ:4 http://ru.archive.ubuntu.com/ubuntu jammy-backports InRelease            
Пол:5 https://download.docker.com/linux/ubuntu jammy InRelease [48,8 kB]       
Ошб:5 https://download.docker.com/linux/ubuntu jammy InRelease
  Следующие подписи не могут быть проверены, так как недоступен открытый ключ: NO_PUBKEY 7EA0A9C3F273FCD8
Чтение списков пакетов… Готово
W: Ошибка GPG: https://download.docker.com/linux/ubuntu jammy InRelease: Следующие подписи не могут быть проверены, так как недоступен открытый ключ: NO_PUBKEY 7EA0A9C3F273FCD8
E: Репозиторий «https://download.docker.com/linux/ubuntu jammy InRelease» не подписан.
N: Обновление из этого репозитория нельзя выполнить безопасным способом, поэтому по умолчанию он отключён.
N: Информацию о создании репозитория и настройках пользователя смотрите в справочной странице apt-secure(8).
u11@u11-VirtualBox:~$ sudo apt install docker-ce -y
Чтение списков пакетов… Готово
Построение дерева зависимостей… Готово
Чтение информации о состоянии… Готово         
Пакет docker-ce недоступен, но упомянут в списке зависимостей другого
пакета. Это может означать, что пакет отсутствует, устарел или
доступен из источников, не упомянутых в sources.list

E: Для пакета «docker-ce» не найден кандидат на установку
u11@u11-VirtualBox:~$ sudo apt install docker-ce -y
Чтение списков пакетов… Готово
Построение дерева зависимостей… Готово
Чтение информации о состоянии… Готово         
Пакет docker-ce недоступен, но упомянут в списке зависимостей другого
пакета. Это может означать, что пакет отсутствует, устарел или
доступен из источников, не упомянутых в sources.list

E: Для пакета «docker-ce» не найден кандидат на установку
u11@u11-VirtualBox:~$ sudo apt update
Сущ:1 http://ru.archive.ubuntu.com/ubuntu jammy InRelease
Пол:2 http://ru.archive.ubuntu.com/ubuntu jammy-updates InRelease [128 kB]     
Сущ:3 http://security.ubuntu.com/ubuntu jammy-security InRelease               
Пол:4 https://download.docker.com/linux/ubuntu jammy InRelease [48,8 kB]       
Ошб:4 https://download.docker.com/linux/ubuntu jammy InRelease            
  Следующие подписи не могут быть проверены, так как недоступен открытый ключ: NO_PUBKEY 7EA0A9C3F273FCD8
Сущ:5 http://ru.archive.ubuntu.com/ubuntu jammy-backports InRelease
Чтение списков пакетов… Готово                                                 
W: Ошибка GPG: https://download.docker.com/linux/ubuntu jammy InRelease: Следующие подписи не могут быть проверены, так как недоступен открытый ключ: NO_PUBKEY 7EA0A9C3F273FCD8
E: Репозиторий «https://download.docker.com/linux/ubuntu jammy InRelease» не подписан.
N: Обновление из этого репозитория нельзя выполнить безопасным способом, поэтому по умолчанию он отключён.
N: Информацию о создании репозитория и настройках пользователя смотрите в справочной странице apt-secure(8).
u11@u11-VirtualBox:~$ sudo apt install docker-ce -y
Чтение списков пакетов… Готово
Построение дерева зависимостей… Готово
Чтение информации о состоянии… Готово         
Пакет docker-ce недоступен, но упомянут в списке зависимостей другого
пакета. Это может означать, что пакет отсутствует, устарел или
доступен из источников, не упомянутых в sources.list

E: Для пакета «docker-ce» не найден кандидат на установку
u11@u11-VirtualBox:~$ sudo apt install docker-ce -y
Чтение списков пакетов… Готово
Построение дерева зависимостей… Готово
Чтение информации о состоянии… Готово         
Пакет docker-ce недоступен, но упомянут в списке зависимостей другого
пакета. Это может означать, что пакет отсутствует, устарел или
доступен из источников, не упомянутых в sources.list

E: Для пакета «docker-ce» не найден кандидат на установку
u11@u11-VirtualBox:~$ https://download.docker.com/linux/ubuntu/g pg | sudo apt-key add -
bash: https://download.docker.com/linux/ubuntu/g: Нет такого файла или каталога
Warning: apt-key is deprecated. Manage keyring files in trusted.gpg.d instead (see apt-key(8)).
gpg: не найдено данных формата OpenPGP.
u11@u11-VirtualBox:~$ curl -fsSL https://download.docker.com/linux/ubuntu/g pg | sudo apt-key add -
Warning: apt-key is deprecated. Manage keyring files in trusted.gpg.d instead (see apt-key(8)).
curl: (22) The requested URL returned error: 404
curl: (6) Could not resolve host: pg
gpg: не найдено данных формата OpenPGP.
u11@u11-VirtualBox:~$ curl -fsSL https://download.docker.com/linux/ubuntu/gpg | sudo apt-key add -
Warning: apt-key is deprecated. Manage keyring files in trusted.gpg.d instead (see apt-key(8)).
OK
u11@u11-VirtualBox:~$ sudo add-apt-repository "deb [arch=amd64] https://download.docker.com/linux/ubuntu jammy stable"
Репозиторий: 'deb [arch=amd64] https://download.docker.com/linux/ubuntu jammy stable'
Описание:
Archive for codename: jammy components: stable
Дополнительные сведения: https://download.docker.com/linux/ubuntu
Добавление репозитория.
Нажмите [ENTER] для продолжения или Ctrl-C для отмены.
Found existing deb entry in /etc/apt/sources.list.d/archive_uri-https_download_docker_com_linux_ubuntu-jammy.list
Adding deb entry to /etc/apt/sources.list.d/archive_uri-https_download_docker_com_linux_ubuntu-jammy.list
Found existing deb-src entry in /etc/apt/sources.list.d/archive_uri-https_download_docker_com_linux_ubuntu-jammy.list
Adding disabled deb-src entry to /etc/apt/sources.list.d/archive_uri-https_download_docker_com_linux_ubuntu-jammy.list
Сущ:1 http://ru.archive.ubuntu.com/ubuntu jammy InRelease
Сущ:2 http://security.ubuntu.com/ubuntu jammy-security InRelease
Пол:3 http://ru.archive.ubuntu.com/ubuntu jammy-updates InRelease [128 kB]     
Пол:4 https://download.docker.com/linux/ubuntu jammy InRelease [48,8 kB]       
Сущ:5 http://ru.archive.ubuntu.com/ubuntu jammy-backports InRelease            
Пол:6 https://download.docker.com/linux/ubuntu jammy/stable amd64 Packages [48,1 kB]
Получено 225 kB за 1с (190 kB/s)    
Чтение списков пакетов… Готово
W: https://download.docker.com/linux/ubuntu/dists/jammy/InRelease: Ключ хранится в унаследованной связке ключей trusted.gpg (/etc/apt/trusted.gpg), подробности см. в разделе DEPRECATION в apt-key(8).
u11@u11-VirtualBox:~$ sudo apt update
Сущ:1 http://ru.archive.ubuntu.com/ubuntu jammy InRelease
Сущ:2 http://ru.archive.ubuntu.com/ubuntu jammy-updates InRelease              
Сущ:3 http://security.ubuntu.com/ubuntu jammy-security InRelease               
Сущ:4 http://ru.archive.ubuntu.com/ubuntu jammy-backports InRelease            
Сущ:5 https://download.docker.com/linux/ubuntu jammy InRelease                 
Чтение списков пакетов… Готово            
Построение дерева зависимостей… Готово
Чтение информации о состоянии… Готово         
Все пакеты имеют последние версии.
W: https://download.docker.com/linux/ubuntu/dists/jammy/InRelease: Ключ хранится в унаследованной связке ключей trusted.gpg (/etc/apt/trusted.gpg), подробности см. в разделе DEPRECATION в apt-key(8).
u11@u11-VirtualBox:~$ sudo apt install curl software-properties-common ca-certificates apt-transport-https -y
Чтение списков пакетов… Готово
Построение дерева зависимостей… Готово
Чтение информации о состоянии… Готово         
Уже установлен пакет ca-certificates самой новой версии (20240203~22.04.1).
Уже установлен пакет curl самой новой версии (7.81.0-1ubuntu1.20).
Уже установлен пакет software-properties-common самой новой версии (0.99.22.9).
Уже установлен пакет apt-transport-https самой новой версии (2.4.13).
Следующие пакеты устанавливались автоматически и больше не требуются:
  libwpe-1.0-1 libwpebackend-fdo-1.0-1
Для их удаления используйте «sudo apt autoremove».
Обновлено 0 пакетов, установлено 0 новых пакетов, для удаления отмечено 0 пакетов, и 0 пакетов не обновлено.
u11@u11-VirtualBox:~$ curl -fsSL
curl: no URL specified!
curl: try 'curl --help' or 'curl --manual' for more information
u11@u11-VirtualBox:~$ sudo apt-get install docker-compose
Чтение списков пакетов… Готово
Построение дерева зависимостей… Готово
Чтение информации о состоянии… Готово         
Следующие пакеты устанавливались автоматически и больше не требуются:
  libwpe-1.0-1 libwpebackend-fdo-1.0-1
Для их удаления используйте «sudo apt autoremove».
Будут установлены следующие дополнительные пакеты:
  bridge-utils containerd docker.io git git-man liberror-perl pigz
  python3-attr python3-distutils python3-docker python3-dockerpty
  python3-docopt python3-dotenv python3-jsonschema python3-lib2to3
  python3-pyrsistent python3-setuptools python3-texttable python3-websocket
  runc ubuntu-fan
Предлагаемые пакеты:
  ifupdown aufs-tools btrfs-progs cgroupfs-mount | cgroup-lite debootstrap
  docker-buildx docker-compose-v2 docker-doc rinse zfs-fuse | zfsutils
  git-daemon-run | git-daemon-sysvinit git-doc git-email git-gui gitk gitweb
  git-cvs git-mediawiki git-svn python-attr-doc python-jsonschema-doc
  python-setuptools-doc
Следующие НОВЫЕ пакеты будут установлены:
  bridge-utils containerd docker-compose docker.io git git-man liberror-perl
  pigz python3-attr python3-distutils python3-docker python3-dockerpty
  python3-docopt python3-dotenv python3-jsonschema python3-lib2to3
  python3-pyrsistent python3-setuptools python3-texttable python3-websocket
  runc ubuntu-fan
Обновлено 0 пакетов, установлено 22 новых пакетов, для удаления отмечено 0 пакетов, и 0 пакетов не обновлено.
Необходимо скачать 83,5 MB архивов.
После данной операции объём занятого дискового пространства возрастёт на 326 MB.
Хотите продолжить? [Д/н] д
Пол:1 http://ru.archive.ubuntu.com/ubuntu jammy/universe amd64 pigz amd64 2.6-1 [63,6 kB]
Пол:2 http://ru.archive.ubuntu.com/ubuntu jammy/main amd64 bridge-utils amd64 1.7-1ubuntu3 [34,4 kB]
Пол:3 http://ru.archive.ubuntu.com/ubuntu jammy-updates/main amd64 runc amd64 1.1.12-0ubuntu2~22.04.1 [8 405 kB]
Пол:4 http://ru.archive.ubuntu.com/ubuntu jammy-updates/main amd64 containerd amd64 1.7.24-0ubuntu1~22.04.2 [37,3 MB]
Пол:5 http://ru.archive.ubuntu.com/ubuntu jammy-updates/main amd64 python3-lib2to3 all 3.10.8-1~22.04 [77,6 kB]
Пол:6 http://ru.archive.ubuntu.com/ubuntu jammy-updates/main amd64 python3-distutils all 3.10.8-1~22.04 [139 kB]
Пол:7 http://ru.archive.ubuntu.com/ubuntu jammy/universe amd64 python3-websocket all 1.2.3-1 [34,7 kB]
Пол:8 http://ru.archive.ubuntu.com/ubuntu jammy/universe amd64 python3-docker all 5.0.3-1 [89,3 kB]
Пол:9 http://ru.archive.ubuntu.com/ubuntu jammy/universe amd64 python3-dockerpty all 0.4.1-2 [11,1 kB]
Пол:10 http://ru.archive.ubuntu.com/ubuntu jammy/universe amd64 python3-docopt all 0.6.2-4 [26,9 kB]
Пол:11 http://ru.archive.ubuntu.com/ubuntu jammy/universe amd64 python3-dotenv all 0.19.2-1 [20,5 kB]
Пол:12 http://ru.archive.ubuntu.com/ubuntu jammy/main amd64 python3-attr all 21.2.0-1 [44,0 kB]
Пол:13 http://ru.archive.ubuntu.com/ubuntu jammy-updates/main amd64 python3-setuptools all 59.6.0-1.2ubuntu0.22.04.2 [340 kB]
Пол:14 http://ru.archive.ubuntu.com/ubuntu jammy/main amd64 python3-pyrsistent amd64 0.18.1-1build1 [55,5 kB]
Пол:15 http://ru.archive.ubuntu.com/ubuntu jammy/main amd64 python3-jsonschema all 3.2.0-0ubuntu2 [43,1 kB]
Пол:16 http://ru.archive.ubuntu.com/ubuntu jammy/universe amd64 python3-texttable all 1.6.4-1 [11,4 kB]
Пол:17 http://ru.archive.ubuntu.com/ubuntu jammy/universe amd64 docker-compose all 1.29.2-1 [95,8 kB]
Пол:18 http://ru.archive.ubuntu.com/ubuntu jammy-updates/universe amd64 docker.io amd64 26.1.3-0ubuntu1~22.04.1 [32,5 MB]
Пол:19 http://ru.archive.ubuntu.com/ubuntu jammy/main amd64 liberror-perl all 0.17029-1 [26,5 kB]
Пол:20 http://ru.archive.ubuntu.com/ubuntu jammy-updates/main amd64 git-man all 1:2.34.1-1ubuntu1.12 [955 kB]
Пол:21 http://ru.archive.ubuntu.com/ubuntu jammy-updates/main amd64 git amd64 1:2.34.1-1ubuntu1.12 [3 165 kB]
Пол:22 http://ru.archive.ubuntu.com/ubuntu jammy/universe amd64 ubuntu-fan all 0.12.16 [35,2 kB]
Получено 83,5 MB за 43с (1 929 kB/s)                                           
Предварительная настройка пакетов …
Выбор ранее не выбранного пакета pigz.
(Чтение базы данных … на данный момент установлено 180709 файлов и каталогов.)
Подготовка к распаковке …/00-pigz_2.6-1_amd64.deb …
Распаковывается pigz (2.6-1) …
Выбор ранее не выбранного пакета bridge-utils.
Подготовка к распаковке …/01-bridge-utils_1.7-1ubuntu3_amd64.deb …
Распаковывается bridge-utils (1.7-1ubuntu3) …
Выбор ранее не выбранного пакета runc.
Подготовка к распаковке …/02-runc_1.1.12-0ubuntu2~22.04.1_amd64.deb …
Распаковывается runc (1.1.12-0ubuntu2~22.04.1) …
Выбор ранее не выбранного пакета containerd.
Подготовка к распаковке …/03-containerd_1.7.24-0ubuntu1~22.04.2_amd64.deb …
Распаковывается containerd (1.7.24-0ubuntu1~22.04.2) …
Выбор ранее не выбранного пакета python3-lib2to3.
Подготовка к распаковке …/04-python3-lib2to3_3.10.8-1~22.04_all.deb …
Распаковывается python3-lib2to3 (3.10.8-1~22.04) …
Выбор ранее не выбранного пакета python3-distutils.
Подготовка к распаковке …/05-python3-distutils_3.10.8-1~22.04_all.deb …
Распаковывается python3-distutils (3.10.8-1~22.04) …
Выбор ранее не выбранного пакета python3-websocket.
Подготовка к распаковке …/06-python3-websocket_1.2.3-1_all.deb …
Распаковывается python3-websocket (1.2.3-1) …
Выбор ранее не выбранного пакета python3-docker.
Подготовка к распаковке …/07-python3-docker_5.0.3-1_all.deb …
Распаковывается python3-docker (5.0.3-1) …
Выбор ранее не выбранного пакета python3-dockerpty.
Подготовка к распаковке …/08-python3-dockerpty_0.4.1-2_all.deb …
Распаковывается python3-dockerpty (0.4.1-2) …
Выбор ранее не выбранного пакета python3-docopt.
Подготовка к распаковке …/09-python3-docopt_0.6.2-4_all.deb …
Распаковывается python3-docopt (0.6.2-4) …
Выбор ранее не выбранного пакета python3-dotenv.
Подготовка к распаковке …/10-python3-dotenv_0.19.2-1_all.deb …
Распаковывается python3-dotenv (0.19.2-1) …
Выбор ранее не выбранного пакета python3-attr.
Подготовка к распаковке …/11-python3-attr_21.2.0-1_all.deb …
Распаковывается python3-attr (21.2.0-1) …
Выбор ранее не выбранного пакета python3-setuptools.
Подготовка к распаковке …/12-python3-setuptools_59.6.0-1.2ubuntu0.22.04.2_all.deb …
Распаковывается python3-setuptools (59.6.0-1.2ubuntu0.22.04.2) …
Выбор ранее не выбранного пакета python3-pyrsistent:amd64.
Подготовка к распаковке …/13-python3-pyrsistent_0.18.1-1build1_amd64.deb …
Распаковывается python3-pyrsistent:amd64 (0.18.1-1build1) …
Выбор ранее не выбранного пакета python3-jsonschema.
Подготовка к распаковке …/14-python3-jsonschema_3.2.0-0ubuntu2_all.deb …
Распаковывается python3-jsonschema (3.2.0-0ubuntu2) …
Выбор ранее не выбранного пакета python3-texttable.
Подготовка к распаковке …/15-python3-texttable_1.6.4-1_all.deb …
Распаковывается python3-texttable (1.6.4-1) …
Выбор ранее не выбранного пакета docker-compose.
Подготовка к распаковке …/16-docker-compose_1.29.2-1_all.deb …
Распаковывается docker-compose (1.29.2-1) …
Выбор ранее не выбранного пакета docker.io.
Подготовка к распаковке …/17-docker.io_26.1.3-0ubuntu1~22.04.1_amd64.deb …
Распаковывается docker.io (26.1.3-0ubuntu1~22.04.1) …
Выбор ранее не выбранного пакета liberror-perl.
Подготовка к распаковке …/18-liberror-perl_0.17029-1_all.deb …
Распаковывается liberror-perl (0.17029-1) …
Выбор ранее не выбранного пакета git-man.
Подготовка к распаковке …/19-git-man_1%3a2.34.1-1ubuntu1.12_all.deb …
Распаковывается git-man (1:2.34.1-1ubuntu1.12) …
Выбор ранее не выбранного пакета git.
Подготовка к распаковке …/20-git_1%3a2.34.1-1ubuntu1.12_amd64.deb …
Распаковывается git (1:2.34.1-1ubuntu1.12) …
Выбор ранее не выбранного пакета ubuntu-fan.
Подготовка к распаковке …/21-ubuntu-fan_0.12.16_all.deb …
Распаковывается ubuntu-fan (0.12.16) …
Настраивается пакет python3-dotenv (0.19.2-1) …
Настраивается пакет python3-attr (21.2.0-1) …
Настраивается пакет python3-texttable (1.6.4-1) …
Настраивается пакет python3-docopt (0.6.2-4) …
Настраивается пакет runc (1.1.12-0ubuntu2~22.04.1) …
Настраивается пакет liberror-perl (0.17029-1) …
Настраивается пакет bridge-utils (1.7-1ubuntu3) …
Настраивается пакет python3-pyrsistent:amd64 (0.18.1-1build1) …
Настраивается пакет pigz (2.6-1) …
Настраивается пакет git-man (1:2.34.1-1ubuntu1.12) …
Настраивается пакет containerd (1.7.24-0ubuntu1~22.04.2) …
Created symlink /etc/systemd/system/multi-user.target.wants/containerd.service → /lib/systemd/system/containerd.service.
Настраивается пакет python3-lib2to3 (3.10.8-1~22.04) …
Настраивается пакет python3-websocket (1.2.3-1) …
Настраивается пакет python3-dockerpty (0.4.1-2) …
Настраивается пакет python3-distutils (3.10.8-1~22.04) …
Настраивается пакет ubuntu-fan (0.12.16) …
Created symlink /etc/systemd/system/multi-user.target.wants/ubuntu-fan.service → /lib/systemd/system/ubuntu-fan.service.
Настраивается пакет python3-setuptools (59.6.0-1.2ubuntu0.22.04.2) …
Настраивается пакет python3-docker (5.0.3-1) …
Настраивается пакет docker.io (26.1.3-0ubuntu1~22.04.1) …
Добавляется группа «docker» (GID 137) ...
Готово.
Created symlink /etc/systemd/system/multi-user.target.wants/docker.service → /lib/systemd/system/docker.service.
Created symlink /etc/systemd/system/sockets.target.wants/docker.socket → /lib/systemd/system/docker.socket.
Настраивается пакет python3-jsonschema (3.2.0-0ubuntu2) …
Настраивается пакет git (1:2.34.1-1ubuntu1.12) …
Настраивается пакет docker-compose (1.29.2-1) …
Обрабатываются триггеры для man-db (2.10.2-1) …
u11@u11-VirtualBox:~$ docker compose version
docker: 'compose' is not a docker command.
See 'docker --help'
u11@u11-VirtualBox:~$ docker compose version
docker: 'compose' is not a docker command.
See 'docker --help'
u11@u11-VirtualBox:~$ docker-compose --version
docker-compose version 1.29.2, build unknown
u11@u11-VirtualBox:~$ docker compose
docker: 'compose' is not a docker command.
See 'docker --help'
u11@u11-VirtualBox:~$ docker run --net host -d -e MYSQL_PASSWORD=123454 -d mysql
docker: permission denied while trying to connect to the Docker daemon socket at unix:///var/run/docker.sock: Head "http://%2Fvar%2Frun%2Fdocker.sock/_ping": dial unix /var/run/docker.sock: connect: permission denied.
See 'docker run --help'.
u11@u11-VirtualBox:~$ docker run --net host -d -e MYSQL_PASSWORD=12345 -d mysql
docker: permission denied while trying to connect to the Docker daemon socket at unix:///var/run/docker.sock: Head "http://%2Fvar%2Frun%2Fdocker.sock/_ping": dial unix /var/run/docker.sock: connect: permission denied.
See 'docker run --help'.
u11@u11-VirtualBox:~$ sudo docker run --net host -d -e MYSQL_PASSWORD=12345 -d mysql
[sudo] пароль для u11: 
Unable to find image 'mysql:latest' locally
latest: Pulling from library/mysql
cea172a6e83b: Pull complete 
fa811e9a869e: Pull complete 
47a2982daa21: Pull complete 
634d7076afe3: Pull complete 
aa8a3958f09f: Pull complete 
84e4e5ea3754: Pull complete 
2275c0ff11a0: Pull complete 
2792ea2d4e0e: Pull complete 
f488b2cd8494: Pull complete 
9451290759df: Pull complete 
Digest: sha256:7839322bd6c3174a699586c3ea36314c59b61b4ce01b4146951818b94aef5fd7
Status: Downloaded newer image for mysql:latest
617bcfc60fb17b70660a17cf6107958802b1c5e685c01b116d5a3c5dc85028f3
u11@u11-VirtualBox:~$ sudo docker run --net host -d nginx
Unable to find image 'nginx:latest' locally
^[[Alatest: Pulling from library/nginx
8a628cdd7ccc: Pull complete 
b0c073cda91f: Pull complete 
e6557c42ebea: Pull complete 
ec74683520b9: Pull complete 
6c95adab80c5: Pull complete 
ad8a0171f43e: Pull complete 
32ef64864ec3: Pull complete 
Digest: sha256:5ed8fcc66f4ed123c1b2560ed708dc148755b6e4cbd8b943fab094f2c6bfa91e
Status: Downloaded newer image for nginx:latest
e7773a705162c9392c3f40e8ff05d1e0457ae16d1683cb9d71392a0de33b7af1
u11@u11-VirtualBox:~$ sudo systemctl status docker
● docker.service - Docker Application Container Engine
     Loaded: loaded (/lib/systemd/system/docker.service; enabled; vendor preset>
     Active: active (running) since Fri 2025-04-18 15:06:59 +07; 29min ago
TriggeredBy: ● docker.socket
       Docs: https://docs.docker.com
   Main PID: 42743 (dockerd)
      Tasks: 8
     Memory: 500.8M
        CPU: 27.093s
     CGroup: /system.slice/docker.service
             └─42743 /usr/bin/dockerd -H fd:// --containerd=/run/containerd/con>

апр 18 15:06:58 u11-VirtualBox systemd[1]: Starting Docker Application Containe>
апр 18 15:06:58 u11-VirtualBox dockerd[42743]: time="2025-04-18T15:06:58.813132>
апр 18 15:06:58 u11-VirtualBox dockerd[42743]: time="2025-04-18T15:06:58.814485>
апр 18 15:06:58 u11-VirtualBox dockerd[42743]: time="2025-04-18T15:06:58.920370>
апр 18 15:06:59 u11-VirtualBox dockerd[42743]: time="2025-04-18T15:06:59.210410>
апр 18 15:06:59 u11-VirtualBox dockerd[42743]: time="2025-04-18T15:06:59.247025>
апр 18 15:06:59 u11-VirtualBox dockerd[42743]: time="2025-04-18T15:06:59.248387>
апр 18 15:06:59 u11-VirtualBox dockerd[42743]: time="2025-04-18T15:06:59.322294>
апр 18 15:06:59 u11-VirtualBox systemd[1]: Started Docker Application Container>
апр 18 15:33:34 u11-VirtualBox dockerd[42743]: time="2025-04-18T15:33:34.954861>
u11@u11-VirtualBox:~$ docker-compose --version
docker-compose version 1.29.2, build unknown
u11@u11-VirtualBox:~$ 
