@fedytko88 ➜ /workspaces/1- (main) $ docker images
REPOSITORY   TAG       IMAGE ID   CREATED   SIZE
@fedytko88 ➜ /workspaces/1- (main) $ docker pull ubuntu 24.04
"docker pull" requires exactly 1 argument.
See 'docker pull --help'.

Usage:  docker pull [OPTIONS] NAME[:TAG|@DIGEST]

Download an image from a registry
@fedytko88 ➜ /workspaces/1- (main) $ docker pull ubuntu:24.04
24.04: Pulling from library/ubuntu
5a7813e071bf: Pull complete 
Digest: sha256:72297848456d5d37d1262630108ab308d3e9ec7ed1c3286a32fe09856619a782
Status: Downloaded newer image for ubuntu:24.04
docker.io/library/ubuntu:24.04
@fedytko88 ➜ /workspaces/1- (main) $ docker images
REPOSITORY   TAG       IMAGE ID       CREATED       SIZE
ubuntu       24.04     a04dc4851cbc   7 weeks ago   78.1MB
@fedytko88 ➜ /workspaces/1- (main) $ docker run -it a04dc4851cbc 
root@578f54177896:/# apt update
Get:1 http://security.ubuntu.com/ubuntu noble-security InRelease [126 kB]   
Get:2 http://security.ubuntu.com/ubuntu noble-security/restricted amd64 Packages [916 kB]
Get:3 http://security.ubuntu.com/ubuntu noble-security/main amd64 Packages [845 kB]
Get:4 http://security.ubuntu.com/ubuntu noble-security/multiverse amd64 Packages [34.0 kB]
Get:5 http://security.ubuntu.com/ubuntu noble-security/universe amd64 Packages [1059 kB]
Get:6 http://archive.ubuntu.com/ubuntu noble InRelease [256 kB]                
Get:7 http://archive.ubuntu.com/ubuntu noble-updates InRelease [126 kB]
Get:8 http://archive.ubuntu.com/ubuntu noble-backports InRelease [126 kB]
Get:9 http://archive.ubuntu.com/ubuntu noble/main amd64 Packages [1808 kB]
Get:10 http://archive.ubuntu.com/ubuntu noble/multiverse amd64 Packages [331 kB]
Get:11 http://archive.ubuntu.com/ubuntu noble/restricted amd64 Packages [117 kB]
Get:12 http://archive.ubuntu.com/ubuntu noble/universe amd64 Packages [19.3 MB]
Get:13 http://archive.ubuntu.com/ubuntu noble-updates/universe amd64 Packages [1350 kB]
Get:14 http://archive.ubuntu.com/ubuntu noble-updates/main amd64 Packages [1171 kB]                                                                                                            
Get:15 http://archive.ubuntu.com/ubuntu noble-updates/multiverse amd64 Packages [38.7 kB]                                                                                                      
Get:16 http://archive.ubuntu.com/ubuntu noble-updates/restricted amd64 Packages [962 kB]                                                                                                       
Get:17 http://archive.ubuntu.com/ubuntu noble-backports/universe amd64 Packages [16.0 kB]                                                                                                      
Fetched 28.6 MB in 7s (4013 kB/s)                                                                                                                                                              
Reading package lists... Done
Building dependency tree... Done
Reading state information... Done
18 packages can be upgraded. Run 'apt list --upgradable' to see them.
root@578f54177896:/# apt ubgrate
E: Invalid operation ubgrate
root@578f54177896:/# apt upgrate
E: Invalid operation upgrate
root@578f54177896:/# apt upgrade
Reading package lists... Done
Building dependency tree... Done
Reading state information... Done
Calculating upgrade... Done
The following packages will be upgraded:
  base-files libattr1 libc-bin libc6 libcap2 libgmp10 libgnutls30t64 libgpg-error0 libidn2-0 libmd0 libpcre2-8-0 libselinux1 libssl3t64 libsystemd0 libtasn1-6 libudev1 libunistring5
  perl-base
18 upgraded, 0 newly installed, 0 to remove and 0 not upgraded.
Need to get 10.7 MB of archives.
After this operation, 2048 B of additional disk space will be used.
Do you want to continue? [Y/n] y
Get:1 http://archive.ubuntu.com/ubuntu noble-updates/main amd64 libc6 amd64 2.39-0ubuntu8.4 [3264 kB]
Get:2 http://archive.ubuntu.com/ubuntu noble-updates/main amd64 base-files amd64 13ubuntu10.2 [73.2 kB]
Get:3 http://archive.ubuntu.com/ubuntu noble-updates/main amd64 perl-base amd64 5.38.2-3.2build2.1 [1823 kB]
Get:4 http://archive.ubuntu.com/ubuntu noble-updates/main amd64 libc-bin amd64 2.39-0ubuntu8.4 [682 kB]
Get:5 http://archive.ubuntu.com/ubuntu noble-updates/main amd64 libattr1 amd64 1:2.5.2-1build1.1 [11.4 kB]
Get:6 http://archive.ubuntu.com/ubuntu noble-updates/main amd64 libcap2 amd64 1:2.66-5ubuntu2.2 [30.0 kB]
Get:7 http://archive.ubuntu.com/ubuntu noble-updates/main amd64 libgmp10 amd64 2:6.3.0+dfsg-2ubuntu6.1 [253 kB]
Get:8 http://archive.ubuntu.com/ubuntu noble-updates/main amd64 libgpg-error0 amd64 1.47-3build2.1 [70.1 kB]
Get:9 http://archive.ubuntu.com/ubuntu noble-updates/main amd64 libmd0 amd64 1.1.0-2build1.1 [27.0 kB]
Get:10 http://archive.ubuntu.com/ubuntu noble-updates/main amd64 libpcre2-8-0 amd64 10.42-4ubuntu2.1 [227 kB]
Get:11 http://archive.ubuntu.com/ubuntu noble-updates/main amd64 libselinux1 amd64 3.5-2ubuntu2.1 [79.7 kB]
Get:12 http://archive.ubuntu.com/ubuntu noble-updates/main amd64 libssl3t64 amd64 3.0.13-0ubuntu3.5 [1940 kB]
Get:13 http://archive.ubuntu.com/ubuntu noble-updates/main amd64 libsystemd0 amd64 255.4-1ubuntu8.6 [433 kB]
Get:14 http://archive.ubuntu.com/ubuntu noble-updates/main amd64 libudev1 amd64 255.4-1ubuntu8.6 [175 kB]
Get:15 http://archive.ubuntu.com/ubuntu noble-updates/main amd64 libunistring5 amd64 1.1-2build1.1 [536 kB]
Get:16 http://archive.ubuntu.com/ubuntu noble-updates/main amd64 libidn2-0 amd64 2.3.7-2build1.1 [66.2 kB]
Get:17 http://archive.ubuntu.com/ubuntu noble-updates/main amd64 libtasn1-6 amd64 4.19.0-3ubuntu0.24.04.1 [44.3 kB]
Get:18 http://archive.ubuntu.com/ubuntu noble-updates/main amd64 libgnutls30t64 amd64 3.8.3-1.1ubuntu3.3 [995 kB]
Fetched 10.7 MB in 1s (9377 kB/s)        
debconf: delaying package configuration, since apt-utils is not installed
(Reading database ... 4383 files and directories currently installed.)
Preparing to unpack .../libc6_2.39-0ubuntu8.4_amd64.deb ...
debconf: unable to initialize frontend: Dialog
debconf: (No usable dialog-like program is installed, so the dialog based frontend cannot be used. at /usr/share/perl5/Debconf/FrontEnd/Dialog.pm line 79.)
debconf: falling back to frontend: Readline
debconf: unable to initialize frontend: Readline
debconf: (Can't locate Term/ReadLine.pm in @INC (you may need to install the Term::ReadLine module) (@INC entries checked: /etc/perl /usr/local/lib/x86_64-linux-gnu/perl/5.38.2 /usr/local/share/perl/5.38.2 /usr/lib/x86_64-linux-gnu/perl5/5.38 /usr/share/perl5 /usr/lib/x86_64-linux-gnu/perl-base /usr/lib/x86_64-linux-gnu/perl/5.38 /usr/share/perl/5.38 /usr/local/lib/site_perl) at /usr/share/perl5/Debconf/FrontEnd/Readline.pm line 8.)
debconf: falling back to frontend: Teletype
Unpacking libc6:amd64 (2.39-0ubuntu8.4) over (2.39-0ubuntu8.3) ...
Setting up libc6:amd64 (2.39-0ubuntu8.4) ...
debconf: unable to initialize frontend: Dialog
debconf: (No usable dialog-like program is installed, so the dialog based frontend cannot be used. at /usr/share/perl5/Debconf/FrontEnd/Dialog.pm line 79.)
debconf: falling back to frontend: Readline
debconf: unable to initialize frontend: Readline
debconf: (Can't locate Term/ReadLine.pm in @INC (you may need to install the Term::ReadLine module) (@INC entries checked: /etc/perl /usr/local/lib/x86_64-linux-gnu/perl/5.38.2 /usr/local/share/perl/5.38.2 /usr/lib/x86_64-linux-gnu/perl5/5.38 /usr/share/perl5 /usr/lib/x86_64-linux-gnu/perl-base /usr/lib/x86_64-linux-gnu/perl/5.38 /usr/share/perl/5.38 /usr/local/lib/site_perl) at /usr/share/perl5/Debconf/FrontEnd/Readline.pm line 8.)
debconf: falling back to frontend: Teletype
(Reading database ... 4382 files and directories currently installed.)
Preparing to unpack .../base-files_13ubuntu10.2_amd64.deb ...
Unpacking base-files (13ubuntu10.2) over (13ubuntu10.1) ...
Setting up base-files (13ubuntu10.2) ...
Installing new version of config file /etc/issue ...
Installing new version of config file /etc/issue.net ...
Installing new version of config file /etc/lsb-release ...
(Reading database ... 4382 files and directories currently installed.)
Preparing to unpack .../perl-base_5.38.2-3.2build2.1_amd64.deb ...
Unpacking perl-base (5.38.2-3.2build2.1) over (5.38.2-3.2build2) ...
Setting up perl-base (5.38.2-3.2build2.1) ...
(Reading database ... 4382 files and directories currently installed.)
Preparing to unpack .../libc-bin_2.39-0ubuntu8.4_amd64.deb ...
Unpacking libc-bin (2.39-0ubuntu8.4) over (2.39-0ubuntu8.3) ...
Setting up libc-bin (2.39-0ubuntu8.4) ...
(Reading database ... 4381 files and directories currently installed.)
Preparing to unpack .../libattr1_1%3a2.5.2-1build1.1_amd64.deb ...
Unpacking libattr1:amd64 (1:2.5.2-1build1.1) over (1:2.5.2-1build1) ...
Setting up libattr1:amd64 (1:2.5.2-1build1.1) ...
(Reading database ... 4381 files and directories currently installed.)
Preparing to unpack .../libcap2_1%3a2.66-5ubuntu2.2_amd64.deb ...
Unpacking libcap2:amd64 (1:2.66-5ubuntu2.2) over (1:2.66-5ubuntu2) ...
Setting up libcap2:amd64 (1:2.66-5ubuntu2.2) ...
(Reading database ... 4381 files and directories currently installed.)
Preparing to unpack .../libgmp10_2%3a6.3.0+dfsg-2ubuntu6.1_amd64.deb ...
Unpacking libgmp10:amd64 (2:6.3.0+dfsg-2ubuntu6.1) over (2:6.3.0+dfsg-2ubuntu6) ...
Setting up libgmp10:amd64 (2:6.3.0+dfsg-2ubuntu6.1) ...
(Reading database ... 4381 files and directories currently installed.)
Preparing to unpack .../libgpg-error0_1.47-3build2.1_amd64.deb ...
Unpacking libgpg-error0:amd64 (1.47-3build2.1) over (1.47-3build2) ...
Setting up libgpg-error0:amd64 (1.47-3build2.1) ...
(Reading database ... 4381 files and directories currently installed.)
Preparing to unpack .../libmd0_1.1.0-2build1.1_amd64.deb ...
Unpacking libmd0:amd64 (1.1.0-2build1.1) over (1.1.0-2build1) ...
Setting up libmd0:amd64 (1.1.0-2build1.1) ...
(Reading database ... 4381 files and directories currently installed.)
Preparing to unpack .../libpcre2-8-0_10.42-4ubuntu2.1_amd64.deb ...
Unpacking libpcre2-8-0:amd64 (10.42-4ubuntu2.1) over (10.42-4ubuntu2) ...
Setting up libpcre2-8-0:amd64 (10.42-4ubuntu2.1) ...
(Reading database ... 4381 files and directories currently installed.)
Preparing to unpack .../libselinux1_3.5-2ubuntu2.1_amd64.deb ...
Unpacking libselinux1:amd64 (3.5-2ubuntu2.1) over (3.5-2ubuntu2) ...
Setting up libselinux1:amd64 (3.5-2ubuntu2.1) ...
(Reading database ... 4381 files and directories currently installed.)
Preparing to unpack .../libssl3t64_3.0.13-0ubuntu3.5_amd64.deb ...
Unpacking libssl3t64:amd64 (3.0.13-0ubuntu3.5) over (3.0.13-0ubuntu3.4) ...
Setting up libssl3t64:amd64 (3.0.13-0ubuntu3.5) ...
(Reading database ... 4381 files and directories currently installed.)
Preparing to unpack .../libsystemd0_255.4-1ubuntu8.6_amd64.deb ...
Unpacking libsystemd0:amd64 (255.4-1ubuntu8.6) over (255.4-1ubuntu8.4) ...
Setting up libsystemd0:amd64 (255.4-1ubuntu8.6) ...
(Reading database ... 4381 files and directories currently installed.)
Preparing to unpack .../libudev1_255.4-1ubuntu8.6_amd64.deb ...
Unpacking libudev1:amd64 (255.4-1ubuntu8.6) over (255.4-1ubuntu8.4) ...
Setting up libudev1:amd64 (255.4-1ubuntu8.6) ...
(Reading database ... 4381 files and directories currently installed.)
Preparing to unpack .../libunistring5_1.1-2build1.1_amd64.deb ...
Unpacking libunistring5:amd64 (1.1-2build1.1) over (1.1-2build1) ...
Setting up libunistring5:amd64 (1.1-2build1.1) ...
(Reading database ... 4381 files and directories currently installed.)
Preparing to unpack .../libidn2-0_2.3.7-2build1.1_amd64.deb ...
Unpacking libidn2-0:amd64 (2.3.7-2build1.1) over (2.3.7-2build1) ...
Setting up libidn2-0:amd64 (2.3.7-2build1.1) ...
(Reading database ... 4381 files and directories currently installed.)
Preparing to unpack .../libtasn1-6_4.19.0-3ubuntu0.24.04.1_amd64.deb ...
Unpacking libtasn1-6:amd64 (4.19.0-3ubuntu0.24.04.1) over (4.19.0-3build1) ...
Setting up libtasn1-6:amd64 (4.19.0-3ubuntu0.24.04.1) ...
(Reading database ... 4381 files and directories currently installed.)
Preparing to unpack .../libgnutls30t64_3.8.3-1.1ubuntu3.3_amd64.deb ...
Unpacking libgnutls30t64:amd64 (3.8.3-1.1ubuntu3.3) over (3.8.3-1.1ubuntu3.2) ...
Setting up libgnutls30t64:amd64 (3.8.3-1.1ubuntu3.3) ...
Processing triggers for libc-bin (2.39-0ubuntu8.4) ...
root@578f54177896:/# apt install iproute2 
Reading package lists... Done
Building dependency tree... Done
Reading state information... Done
The following additional packages will be installed:
  krb5-locales libatm1t64 libbpf1 libcap2-bin libelf1t64 libgssapi-krb5-2 libk5crypto3 libkeyutils1 libkrb5-3 libkrb5support0 libmnl0 libpam-cap libtirpc-common libtirpc3t64 libxtables12
Suggested packages:
  iproute2-doc python3:any krb5-doc krb5-user
The following NEW packages will be installed:
  iproute2 krb5-locales libatm1t64 libbpf1 libcap2-bin libelf1t64 libgssapi-krb5-2 libk5crypto3 libkeyutils1 libkrb5-3 libkrb5support0 libmnl0 libpam-cap libtirpc-common libtirpc3t64
  libxtables12
0 upgraded, 16 newly installed, 0 to remove and 0 not upgraded.
Need to get 2182 kB of archives.
After this operation, 6475 kB of additional disk space will be used.
Do you want to continue? [Y/n] y
Get:1 http://archive.ubuntu.com/ubuntu noble-updates/main amd64 libelf1t64 amd64 0.190-1.1build4.1 [57.5 kB]
Get:2 http://archive.ubuntu.com/ubuntu noble/main amd64 libbpf1 amd64 1:1.3.0-2build2 [166 kB]
Get:3 http://archive.ubuntu.com/ubuntu noble/main amd64 libmnl0 amd64 1.0.5-2build1 [12.3 kB]
Get:4 http://archive.ubuntu.com/ubuntu noble-updates/main amd64 libkrb5support0 amd64 1.20.1-6ubuntu2.5 [34.1 kB]
Get:5 http://archive.ubuntu.com/ubuntu noble-updates/main amd64 libk5crypto3 amd64 1.20.1-6ubuntu2.5 [82.0 kB]
Get:6 http://archive.ubuntu.com/ubuntu noble/main amd64 libkeyutils1 amd64 1.6.3-3build1 [9490 B]
Get:7 http://archive.ubuntu.com/ubuntu noble-updates/main amd64 libkrb5-3 amd64 1.20.1-6ubuntu2.5 [347 kB]
Get:8 http://archive.ubuntu.com/ubuntu noble-updates/main amd64 libgssapi-krb5-2 amd64 1.20.1-6ubuntu2.5 [143 kB]
Get:9 http://archive.ubuntu.com/ubuntu noble/main amd64 libtirpc-common all 1.3.4+ds-1.1build1 [8094 B]
Get:10 http://archive.ubuntu.com/ubuntu noble/main amd64 libtirpc3t64 amd64 1.3.4+ds-1.1build1 [82.6 kB]
Get:11 http://archive.ubuntu.com/ubuntu noble/main amd64 libxtables12 amd64 1.8.10-3ubuntu2 [35.7 kB]
Get:12 http://archive.ubuntu.com/ubuntu noble-updates/main amd64 libcap2-bin amd64 1:2.66-5ubuntu2.2 [34.2 kB]
Get:13 http://archive.ubuntu.com/ubuntu noble/main amd64 iproute2 amd64 6.1.0-1ubuntu6 [1120 kB]
Get:14 http://archive.ubuntu.com/ubuntu noble-updates/main amd64 krb5-locales all 1.20.1-6ubuntu2.5 [14.5 kB]
Get:15 http://archive.ubuntu.com/ubuntu noble/main amd64 libatm1t64 amd64 1:2.5.1-5.1build1 [22.9 kB]
Get:16 http://archive.ubuntu.com/ubuntu noble-updates/main amd64 libpam-cap amd64 1:2.66-5ubuntu2.2 [12.5 kB]
Fetched 2182 kB in 0s (12.2 MB/s)       
debconf: delaying package configuration, since apt-utils is not installed
Selecting previously unselected package libelf1t64:amd64.
(Reading database ... 4381 files and directories currently installed.)
Preparing to unpack .../00-libelf1t64_0.190-1.1build4.1_amd64.deb ...
Unpacking libelf1t64:amd64 (0.190-1.1build4.1) ...
Selecting previously unselected package libbpf1:amd64.
Preparing to unpack .../01-libbpf1_1%3a1.3.0-2build2_amd64.deb ...
Unpacking libbpf1:amd64 (1:1.3.0-2build2) ...
Selecting previously unselected package libmnl0:amd64.
Preparing to unpack .../02-libmnl0_1.0.5-2build1_amd64.deb ...
Unpacking libmnl0:amd64 (1.0.5-2build1) ...
Selecting previously unselected package libkrb5support0:amd64.
Preparing to unpack .../03-libkrb5support0_1.20.1-6ubuntu2.5_amd64.deb ...
Unpacking libkrb5support0:amd64 (1.20.1-6ubuntu2.5) ...
Selecting previously unselected package libk5crypto3:amd64.
Preparing to unpack .../04-libk5crypto3_1.20.1-6ubuntu2.5_amd64.deb ...
Unpacking libk5crypto3:amd64 (1.20.1-6ubuntu2.5) ...
Selecting previously unselected package libkeyutils1:amd64.
Preparing to unpack .../05-libkeyutils1_1.6.3-3build1_amd64.deb ...
Unpacking libkeyutils1:amd64 (1.6.3-3build1) ...
Selecting previously unselected package libkrb5-3:amd64.
Preparing to unpack .../06-libkrb5-3_1.20.1-6ubuntu2.5_amd64.deb ...
Unpacking libkrb5-3:amd64 (1.20.1-6ubuntu2.5) ...
Selecting previously unselected package libgssapi-krb5-2:amd64.
Preparing to unpack .../07-libgssapi-krb5-2_1.20.1-6ubuntu2.5_amd64.deb ...
Unpacking libgssapi-krb5-2:amd64 (1.20.1-6ubuntu2.5) ...
Selecting previously unselected package libtirpc-common.
Preparing to unpack .../08-libtirpc-common_1.3.4+ds-1.1build1_all.deb ...
Unpacking libtirpc-common (1.3.4+ds-1.1build1) ...
Selecting previously unselected package libtirpc3t64:amd64.
Preparing to unpack .../09-libtirpc3t64_1.3.4+ds-1.1build1_amd64.deb ...
Adding 'diversion of /lib/x86_64-linux-gnu/libtirpc.so.3 to /lib/x86_64-linux-gnu/libtirpc.so.3.usr-is-merged by libtirpc3t64'
Adding 'diversion of /lib/x86_64-linux-gnu/libtirpc.so.3.0.0 to /lib/x86_64-linux-gnu/libtirpc.so.3.0.0.usr-is-merged by libtirpc3t64'
Unpacking libtirpc3t64:amd64 (1.3.4+ds-1.1build1) ...
Selecting previously unselected package libxtables12:amd64.
Preparing to unpack .../10-libxtables12_1.8.10-3ubuntu2_amd64.deb ...
Unpacking libxtables12:amd64 (1.8.10-3ubuntu2) ...
Selecting previously unselected package libcap2-bin.
Preparing to unpack .../11-libcap2-bin_1%3a2.66-5ubuntu2.2_amd64.deb ...
Unpacking libcap2-bin (1:2.66-5ubuntu2.2) ...
Selecting previously unselected package iproute2.
Preparing to unpack .../12-iproute2_6.1.0-1ubuntu6_amd64.deb ...
Unpacking iproute2 (6.1.0-1ubuntu6) ...
Selecting previously unselected package krb5-locales.
Preparing to unpack .../13-krb5-locales_1.20.1-6ubuntu2.5_all.deb ...
Unpacking krb5-locales (1.20.1-6ubuntu2.5) ...
Selecting previously unselected package libatm1t64:amd64.
Preparing to unpack .../14-libatm1t64_1%3a2.5.1-5.1build1_amd64.deb ...
Unpacking libatm1t64:amd64 (1:2.5.1-5.1build1) ...
Selecting previously unselected package libpam-cap:amd64.
Preparing to unpack .../15-libpam-cap_1%3a2.66-5ubuntu2.2_amd64.deb ...
Unpacking libpam-cap:amd64 (1:2.66-5ubuntu2.2) ...
Setting up libkeyutils1:amd64 (1.6.3-3build1) ...
Setting up libatm1t64:amd64 (1:2.5.1-5.1build1) ...
Setting up libtirpc-common (1.3.4+ds-1.1build1) ...
Setting up krb5-locales (1.20.1-6ubuntu2.5) ...
Setting up libelf1t64:amd64 (0.190-1.1build4.1) ...
Setting up libkrb5support0:amd64 (1.20.1-6ubuntu2.5) ...
Setting up libcap2-bin (1:2.66-5ubuntu2.2) ...
Setting up libmnl0:amd64 (1.0.5-2build1) ...
Setting up libk5crypto3:amd64 (1.20.1-6ubuntu2.5) ...
Setting up libxtables12:amd64 (1.8.10-3ubuntu2) ...
Setting up libkrb5-3:amd64 (1.20.1-6ubuntu2.5) ...
Setting up libpam-cap:amd64 (1:2.66-5ubuntu2.2) ...
debconf: unable to initialize frontend: Dialog
debconf: (No usable dialog-like program is installed, so the dialog based frontend cannot be used. at /usr/share/perl5/Debconf/FrontEnd/Dialog.pm line 79.)
debconf: falling back to frontend: Readline
debconf: unable to initialize frontend: Readline
debconf: (Can't locate Term/ReadLine.pm in @INC (you may need to install the Term::ReadLine module) (@INC entries checked: /etc/perl /usr/local/lib/x86_64-linux-gnu/perl/5.38.2 /usr/local/share/perl/5.38.2 /usr/lib/x86_64-linux-gnu/perl5/5.38 /usr/share/perl5 /usr/lib/x86_64-linux-gnu/perl-base /usr/lib/x86_64-linux-gnu/perl/5.38 /usr/share/perl/5.38 /usr/local/lib/site_perl) at /usr/share/perl5/Debconf/FrontEnd/Readline.pm line 8.)
debconf: falling back to frontend: Teletype
Setting up libbpf1:amd64 (1:1.3.0-2build2) ...
Setting up libgssapi-krb5-2:amd64 (1.20.1-6ubuntu2.5) ...
Setting up libtirpc3t64:amd64 (1.3.4+ds-1.1build1) ...
Setting up iproute2 (6.1.0-1ubuntu6) ...
debconf: unable to initialize frontend: Dialog
debconf: (No usable dialog-like program is installed, so the dialog based frontend cannot be used. at /usr/share/perl5/Debconf/FrontEnd/Dialog.pm line 79.)
debconf: falling back to frontend: Readline
debconf: unable to initialize frontend: Readline
debconf: (Can't locate Term/ReadLine.pm in @INC (you may need to install the Term::ReadLine module) (@INC entries checked: /etc/perl /usr/local/lib/x86_64-linux-gnu/perl/5.38.2 /usr/local/share/perl/5.38.2 /usr/lib/x86_64-linux-gnu/perl5/5.38 /usr/share/perl5 /usr/lib/x86_64-linux-gnu/perl-base /usr/lib/x86_64-linux-gnu/perl/5.38 /usr/share/perl/5.38 /usr/local/lib/site_perl) at /usr/share/perl5/Debconf/FrontEnd/Readline.pm line 8.)
debconf: falling back to frontend: Teletype
Processing triggers for libc-bin (2.39-0ubuntu8.4) ...
root@578f54177896:/# apt install iputils-ping
Reading package lists... Done
Building dependency tree... Done
Reading state information... Done
The following NEW packages will be installed:
  iputils-ping
0 upgraded, 1 newly installed, 0 to remove and 0 not upgraded.
Need to get 44.3 kB of archives.
After this operation, 124 kB of additional disk space will be used.
Get:1 http://archive.ubuntu.com/ubuntu noble/main amd64 iputils-ping amd64 3:20240117-1build1 [44.3 kB]
Fetched 44.3 kB in 0s (108 kB/s)        
debconf: delaying package configuration, since apt-utils is not installed
Selecting previously unselected package iputils-ping.
(Reading database ... 4673 files and directories currently installed.)
Preparing to unpack .../iputils-ping_3%3a20240117-1build1_amd64.deb ...
Unpacking iputils-ping (3:20240117-1build1) ...
Setting up iputils-ping (3:20240117-1build1) ...
root@578f54177896:/# apt install dnsutils
Reading package lists... Done
Building dependency tree... Done
Reading state information... Done
The following additional packages will be installed:
  bind9-dnsutils bind9-host bind9-libs libbsd0 libedit2 libicu74 libjson-c5 liblmdb0 libmaxminddb0 libnghttp2-14 libuv1t64 libxml2
Suggested packages:
  mmdb-bin
The following NEW packages will be installed:
  bind9-dnsutils bind9-host bind9-libs dnsutils libbsd0 libedit2 libicu74 libjson-c5 liblmdb0 libmaxminddb0 libnghttp2-14 libuv1t64 libxml2
0 upgraded, 13 newly installed, 0 to remove and 0 not upgraded.
Need to get 13.5 MB of archives.
After this operation, 44.3 MB of additional disk space will be used.
Do you want to continue? [Y/n] y
Get:1 http://archive.ubuntu.com/ubuntu noble-updates/main amd64 libbsd0 amd64 0.12.1-1build1.1 [41.2 kB]
Get:2 http://archive.ubuntu.com/ubuntu noble-updates/main amd64 libicu74 amd64 74.2-1ubuntu3.1 [10.9 MB]
Get:3 http://archive.ubuntu.com/ubuntu noble/main amd64 libjson-c5 amd64 0.17-1build1 [35.3 kB]
Get:4 http://archive.ubuntu.com/ubuntu noble-updates/main amd64 libxml2 amd64 2.9.14+dfsg-1.3ubuntu3.2 [763 kB]
Get:5 http://archive.ubuntu.com/ubuntu noble/main amd64 libuv1t64 amd64 1.48.0-1.1build1 [97.3 kB]
Get:6 http://archive.ubuntu.com/ubuntu noble/main amd64 liblmdb0 amd64 0.9.31-1build1 [48.1 kB]
Get:7 http://archive.ubuntu.com/ubuntu noble/main amd64 libmaxminddb0 amd64 1.9.1-1build1 [24.4 kB]
Get:8 http://archive.ubuntu.com/ubuntu noble-updates/main amd64 libnghttp2-14 amd64 1.59.0-1ubuntu0.2 [74.3 kB]
Get:9 http://archive.ubuntu.com/ubuntu noble-updates/main amd64 bind9-libs amd64 1:9.18.30-0ubuntu0.24.04.2 [1253 kB]
Get:10 http://archive.ubuntu.com/ubuntu noble-updates/main amd64 bind9-host amd64 1:9.18.30-0ubuntu0.24.04.2 [50.4 kB]
Get:11 http://archive.ubuntu.com/ubuntu noble/main amd64 libedit2 amd64 3.1-20230828-1build1 [97.6 kB]
Get:12 http://archive.ubuntu.com/ubuntu noble-updates/main amd64 bind9-dnsutils amd64 1:9.18.30-0ubuntu0.24.04.2 [155 kB]
Get:13 http://archive.ubuntu.com/ubuntu noble-updates/universe amd64 dnsutils all 1:9.18.30-0ubuntu0.24.04.2 [3682 B]
Fetched 13.5 MB in 1s (11.6 MB/s)   
debconf: delaying package configuration, since apt-utils is not installed
Selecting previously unselected package libbsd0:amd64.
(Reading database ... 4682 files and directories currently installed.)
Preparing to unpack .../00-libbsd0_0.12.1-1build1.1_amd64.deb ...
Unpacking libbsd0:amd64 (0.12.1-1build1.1) ...
Selecting previously unselected package libicu74:amd64.
Preparing to unpack .../01-libicu74_74.2-1ubuntu3.1_amd64.deb ...
Unpacking libicu74:amd64 (74.2-1ubuntu3.1) ...
Selecting previously unselected package libjson-c5:amd64.
Preparing to unpack .../02-libjson-c5_0.17-1build1_amd64.deb ...
Unpacking libjson-c5:amd64 (0.17-1build1) ...
Selecting previously unselected package libxml2:amd64.
Preparing to unpack .../03-libxml2_2.9.14+dfsg-1.3ubuntu3.2_amd64.deb ...
Unpacking libxml2:amd64 (2.9.14+dfsg-1.3ubuntu3.2) ...
Selecting previously unselected package libuv1t64:amd64.
Preparing to unpack .../04-libuv1t64_1.48.0-1.1build1_amd64.deb ...
Unpacking libuv1t64:amd64 (1.48.0-1.1build1) ...
Selecting previously unselected package liblmdb0:amd64.
Preparing to unpack .../05-liblmdb0_0.9.31-1build1_amd64.deb ...
Unpacking liblmdb0:amd64 (0.9.31-1build1) ...
Selecting previously unselected package libmaxminddb0:amd64.
Preparing to unpack .../06-libmaxminddb0_1.9.1-1build1_amd64.deb ...
Unpacking libmaxminddb0:amd64 (1.9.1-1build1) ...
Selecting previously unselected package libnghttp2-14:amd64.
Preparing to unpack .../07-libnghttp2-14_1.59.0-1ubuntu0.2_amd64.deb ...
Unpacking libnghttp2-14:amd64 (1.59.0-1ubuntu0.2) ...
Selecting previously unselected package bind9-libs:amd64.
Preparing to unpack .../08-bind9-libs_1%3a9.18.30-0ubuntu0.24.04.2_amd64.deb ...
Unpacking bind9-libs:amd64 (1:9.18.30-0ubuntu0.24.04.2) ...
Selecting previously unselected package bind9-host.
Preparing to unpack .../09-bind9-host_1%3a9.18.30-0ubuntu0.24.04.2_amd64.deb ...
Unpacking bind9-host (1:9.18.30-0ubuntu0.24.04.2) ...
Selecting previously unselected package libedit2:amd64.
Preparing to unpack .../10-libedit2_3.1-20230828-1build1_amd64.deb ...
Unpacking libedit2:amd64 (3.1-20230828-1build1) ...
Selecting previously unselected package bind9-dnsutils.
Preparing to unpack .../11-bind9-dnsutils_1%3a9.18.30-0ubuntu0.24.04.2_amd64.deb ...
Unpacking bind9-dnsutils (1:9.18.30-0ubuntu0.24.04.2) ...
Selecting previously unselected package dnsutils.
Preparing to unpack .../12-dnsutils_1%3a9.18.30-0ubuntu0.24.04.2_all.deb ...
Unpacking dnsutils (1:9.18.30-0ubuntu0.24.04.2) ...
Setting up liblmdb0:amd64 (0.9.31-1build1) ...
Setting up libmaxminddb0:amd64 (1.9.1-1build1) ...
Setting up libuv1t64:amd64 (1.48.0-1.1build1) ...
Setting up libnghttp2-14:amd64 (1.59.0-1ubuntu0.2) ...
Setting up libicu74:amd64 (74.2-1ubuntu3.1) ...
Setting up libbsd0:amd64 (0.12.1-1build1.1) ...
Setting up libjson-c5:amd64 (0.17-1build1) ...
Setting up libxml2:amd64 (2.9.14+dfsg-1.3ubuntu3.2) ...
Setting up bind9-libs:amd64 (1:9.18.30-0ubuntu0.24.04.2) ...
Setting up libedit2:amd64 (3.1-20230828-1build1) ...
Setting up bind9-host (1:9.18.30-0ubuntu0.24.04.2) ...
Setting up bind9-dnsutils (1:9.18.30-0ubuntu0.24.04.2) ...
Setting up dnsutils (1:9.18.30-0ubuntu0.24.04.2) ...
Processing triggers for libc-bin (2.39-0ubuntu8.4) ...
root@578f54177896:/# -m \342\200\234\342\200\246\342\200\235 -a \342\200\234author\342\200\235 <id_container>
bash: syntax error near unexpected token `newline'
root@578f54177896:/# -m a04dc4851cbc -a "author"<id_container>~
bash: id_container: No such file or directory
root@578f54177896:/# exit
exit
@fedytko88 ➜ /workspaces/1- (main) $ docker ps
CONTAINER ID   IMAGE     COMMAND   CREATED   STATUS    PORTS     NAMES
@fedytko88 ➜ /workspaces/1- (main) $ docker images
REPOSITORY   TAG       IMAGE ID       CREATED       SIZE
ubuntu       24.04     a04dc4851cbc   7 weeks ago   78.1MB
@fedytko88 ➜ /workspaces/1- (main) $ docker ps
CONTAINER ID   IMAGE     COMMAND   CREATED   STATUS    PORTS     NAMES
@fedytko88 ➜ /workspaces/1- (main) $ docker run -it a04dc4851cbc
root@859de98ceb19:/# exit
exit
@fedytko88 ➜ /workspaces/1- (mai
@fedytko88 ➜ /workspaces/1- (main) $ docker ps -a
CONTAINER ID   IMAGE          COMMAND       CREATED              STATUS                          PORTS     NAMES
859de98ceb19   a04dc4851cbc   "/bin/bash"   About a minute ago   Exited (0) About a minute ago             lucid_cohen
578f54177896   a04dc4851cbc   "/bin/bash"   24 minutes ago       Exited (1) 10 minutes ago                 charming_morse
@fedytko88 ➜ /workspaces/1- (main) $ docker commit 859de98ceb19
sha256:a48bfb05f032bfbef9ef91002d294fe8d7474fc681f55afa57714f1f0290dec1
@fedytko88 ➜ /workspaces/1- (main) $ docker history
"docker history" requires exactly 1 argument.
See 'docker history --help'.

Usage:  docker history [OPTIONS] IMAGE

Show the history of an image
@fedytko88 ➜ /workspaces/1- (main) $ docker history
"docker history" requires exactly 1 argument.
See 'docker history --help'.

Usage:  docker history [OPTIONS] IMAGE

Show the history of an image
@fedytko88 ➜ /workspaces/1- (main) $ 
@fedytko88 ➜ /workspaces/1- (main) $ docker history
"docker history" requires exactly 1 argument.
See 'docker history --help'.

Usage:  docker history [OPTIONS] IMAGE

Show the history of an image
@fedytko88 ➜ /workspaces/1- (main) $ docker history 859de98ceb19 
Error response from daemon: No such image: 859de98ceb19:latest
@fedytko88 ➜ /workspaces/1- (main) $ docker commit -m
flag needs an argument: 'm' in -m
See 'docker commit --help'.
@fedytko88 ➜ /workspaces/1- (main) $ docker commit -m "добавили iproute2, ip-putils-ping, dnsutils" -a "FEDOR88" 859de98ceb19 ubuntu:24.04m4
sha256:29bf604db42442182c374b5ab29218e20f0b8214f39b80d36332dd6240fd30be
@fedytko88 ➜ /workspaces/1- (main) $ docker history
"docker history" requires exactly 1 argument.
See 'docker history --help'.

Usage:  docker history [OPTIONS] IMAGE

Show the history of an image
@fedytko88 ➜ /workspaces/1- (main) $ docker history ubuntu:24.04m4
IMAGE          CREATED          CREATED BY                                      SIZE      COMMENT
29bf604db424   31 seconds ago   /bin/bash                                       5B        добавили iproute2, ip-putils-ping, dnsutils
a04dc4851cbc   7 weeks ago      /bin/sh -c #(nop)  CMD ["/bin/bash"]            0B        
<missing>      7 weeks ago      /bin/sh -c #(nop) ADD file:6df775300d76441aa…   78.1MB    
<missing>      7 weeks ago      /bin/sh -c #(nop)  LABEL org.opencontainers.…   0B        
<missing>      7 weeks ago      /bin/sh -c #(nop)  LABEL org.opencontainers.…   0B        
<missing>      7 weeks ago      /bin/sh -c #(nop)  ARG LAUNCHPAD_BUILD_ARCH     0B        
<missing>      7 weeks ago      /bin/sh -c #(nop)  ARG RELEASE                  0B        
@fedytko88 ➜ /workspaces/1- (main) $ docker inspect ubuntu:24.04m4
[
    {
        "Id": "sha256:29bf604db42442182c374b5ab29218e20f0b8214f39b80d36332dd6240fd30be",
        "RepoTags": [
            "ubuntu:24.04m4"
        ],
        "RepoDigests": [],
        "Parent": "sha256:a04dc4851cbcbb42b54d1f52a41f5f9eca6a5fd03748c3f6eb2cbeb238ca99bd",
        "Comment": "добавили iproute2, ip-putils-ping, dnsutils",
        "Created": "2025-03-20T06:59:20.898183677Z",
        "DockerVersion": "27.3.1-1",
        "Author": "FEDOR88",
        "Config": {
            "Hostname": "859de98ceb19",
            "Domainname": "",
            "User": "",
            "AttachStdin": true,
            "AttachStdout": true,
            "AttachStderr": true,
            "Tty": true,
            "OpenStdin": true,
            "StdinOnce": true,
            "Env": [
                "PATH=/usr/local/sbin:/usr/local/bin:/usr/sbin:/usr/bin:/sbin:/bin"
            ],
            "Cmd": [
                "/bin/bash"
            ],
            "Image": "a04dc4851cbc",
            "Volumes": null,
            "WorkingDir": "",
            "Entrypoint": null,
            "OnBuild": null,
            "Labels": {
                "org.opencontainers.image.ref.name": "ubuntu",
                "org.opencontainers.image.version": "24.04"
            }
        },
        "Architecture": "amd64",
        "Os": "linux",
        "Size": 78127080,
        "GraphDriver": {
            "Data": {
                "LowerDir": "/var/lib/docker/overlay2/ff483643da30c7653ef04e5bd64c7003a33c4b8094f4596a1791ac4e56bbfe07/diff",
                "MergedDir": "/var/lib/docker/overlay2/ce571cf3bc3dd6b7567468b35c57ef36b844fb1298511b4e7e872260f263d8d0/merged",
                "UpperDir": "/var/lib/docker/overlay2/ce571cf3bc3dd6b7567468b35c57ef36b844fb1298511b4e7e872260f263d8d0/diff",
                "WorkDir": "/var/lib/docker/overlay2/ce571cf3bc3dd6b7567468b35c57ef36b844fb1298511b4e7e872260f263d8d0/work"
            },
            "Name": "overlay2"
        },
        "RootFS": {
            "Type": "layers",
            "Layers": [
                "sha256:4b7c01ed0534d4f9be9cf97d068da1598c6c20b26cb6134fad066defdb6d541d",
                "sha256:6b557983509858dfdd86f268c2435a96828532df9426b3973c77121c0fad7247"
            ]
        },
        "Metadata": {
            "LastTagTime": "2025-03-20T06:59:21.007564128Z"
        }
    }
]
@fedytko88 ➜ /workspaces/1- (main) $ docker run -it FEDOR88
docker: invalid reference format: repository name (library/FEDOR88) must be lowercase.
See 'docker run --help'.
@fedytko88 ➜ /workspaces/1- (main) $ docker run -it ubuntu:24.04m4
root@a28410df4357:/# apt install mysql-client
Reading package lists... Done
Building dependency tree... Done
Reading state information... Done
E: Unable to locate package mysql-client
root@a28410df4357:/# mysql
bash: mysql: command not found
root@a28410df4357:/# mysql
bash: mysql: command not found
root@a28410df4357:/# apt install mysql-client
Reading package lists... Done
Building dependency tree... Done
Reading state information... Done
E: Unable to locate package mysql-client
root@a28410df4357:/# apt install postgresql-client
Reading package lists... Done
Building dependency tree... Done
Reading state information... Done
E: Unable to locate package postgresql-client
root@a28410df4357:/# mysql
bash: mysql: command not found
root@a28410df4357:/# exit
exit
@fedytko88 ➜ /workspaces/1- (main) $ docker ps -a
CONTAINER ID   IMAGE            COMMAND       CREATED          STATUS                        PORTS     NAMES
a28410df4357   ubuntu:24.04m4   "/bin/bash"   11 minutes ago   Exited (127) 45 seconds ago             trusting_cohen
859de98ceb19   a04dc4851cbc     "/bin/bash"   30 minutes ago   Exited (0) 29 minutes ago               lucid_cohen
578f54177896   a04dc4851cbc     "/bin/bash"   53 minutes ago   Exited (1) 39 minutes ago               charming_morse
@fedytko88 ➜ /workspaces/1- (main) $ docker image

Usage:  docker image COMMAND

Manage images

Commands:
  build       Build an image from a Dockerfile
  history     Show the history of an image
  import      Import the contents from a tarball to create a filesystem image
  inspect     Display detailed information on one or more images
  load        Load an image from a tar archive or STDIN
  ls          List images
  prune       Remove unused images
  pull        Download an image from a registry
  push        Upload an image to a registry
  rm          Remove one or more images
  save        Save one or more images to a tar archive (streamed to STDOUT by default)
  tag         Create a tag TARGET_IMAGE that refers to SOURCE_IMAGE

Run 'docker image COMMAND --help' for more information on a command.
@fedytko88 ➜ /workspaces/1- (main) $ docker images
REPOSITORY   TAG       IMAGE ID       CREATED          SIZE
ubuntu       24.04m4   29bf604db424   19 minutes ago   78.1MB
<none>       <none>    a48bfb05f032   28 minutes ago   78.1MB
ubuntu       24.04     a04dc4851cbc   7 weeks ago      78.1MB
@fedytko88 ➜ /workspaces/1- (main) $ docker run -it 29bf604db424 
root@d3be14af73f0:/# apt install mysql-client
Reading package lists... Done
Building dependency tree... Done
Reading state information... Done
E: Unable to locate package mysql-client
root@d3be14af73f0:/# 
